Archive member included to satisfy reference by file (symbol)

C:/Program Files/SEGGER/SEGGER Embedded Studio for ARM 4.30/lib/libc_v7em_fpv4_sp_d16_hard_t_le_eabi.a(libc2.o)
                              Output/flash_fds_s132_pca10040 Release/Obj/fnmatch.o (isupper)
C:/Program Files/SEGGER/SEGGER Embedded Studio for ARM 4.30/lib/libc_v7em_fpv4_sp_d16_hard_t_le_eabi.a(libc2_asm.o)
                              Output/flash_fds_s132_pca10040 Release/Obj/nrf_log_frontend.o (memcpy)
C:/Program Files/SEGGER/SEGGER Embedded Studio for ARM 4.30/lib/libc_v7em_fpv4_sp_d16_hard_t_le_eabi.a(libc.o)
                              C:/Program Files/SEGGER/SEGGER Embedded Studio for ARM 4.30/lib/libc_v7em_fpv4_sp_d16_hard_t_le_eabi.a(libc2.o) (__heap_lock)
C:/Program Files/SEGGER/SEGGER Embedded Studio for ARM 4.30/lib/libc_v7em_fpv4_sp_d16_hard_t_le_eabi.a(libc_asm.o)
                              C:/Program Files/SEGGER/SEGGER Embedded Studio for ARM 4.30/lib/libc_v7em_fpv4_sp_d16_hard_t_le_eabi.a(libc2.o) (__aeabi_uldivmod)
C:/Program Files/SEGGER/SEGGER Embedded Studio for ARM 4.30/lib/libdebugio_v7em_fpv4_sp_d16_hard_t_le_eabi.a(libdebugio.o)
                              Output/flash_fds_s132_pca10040 Release/Obj/thumb_crt0.o (debug_fopen)
C:/Program Files/SEGGER/SEGGER Embedded Studio for ARM 4.30/lib/libdebugio_mempoll_v7em_fpv4_sp_d16_hard_t_le_eabi.a(mempoll_debug_operations.o)
                              C:/Program Files/SEGGER/SEGGER Embedded Studio for ARM 4.30/lib/libdebugio_v7em_fpv4_sp_d16_hard_t_le_eabi.a(libdebugio.o) (__do_debug_operation)
C:/Program Files/SEGGER/SEGGER Embedded Studio for ARM 4.30/lib/libdebugio_mempoll_v7em_fpv4_sp_d16_hard_t_le_eabi.a(do_nv_debug_operation.o)
                              C:/Program Files/SEGGER/SEGGER Embedded Studio for ARM 4.30/lib/libdebugio_v7em_fpv4_sp_d16_hard_t_le_eabi.a(libdebugio.o) (__do_nvdebug_operation)
C:/Program Files/SEGGER/SEGGER Embedded Studio for ARM 4.30/lib/libm_v7em_fpv4_sp_d16_hard_t_le_eabi.a(libm_asm.o)
                              C:/Program Files/SEGGER/SEGGER Embedded Studio for ARM 4.30/lib/libc_v7em_fpv4_sp_d16_hard_t_le_eabi.a(libc2.o) (__aeabi_dadd)
C:/Program Files/SEGGER/SEGGER Embedded Studio for ARM 4.30/lib/libm_v7em_fpv4_sp_d16_hard_t_le_eabi.a(libm2.o)
                              C:/Program Files/SEGGER/SEGGER Embedded Studio for ARM 4.30/lib/libvfprintf_v7em_fpv4_sp_d16_hard_t_le_eabi.o (frexp)

Discarded input sections

 .text          0x0000000000000000        0x0 Output/flash_fds_s132_pca10040 Release/Obj/thumb_crt0.o
 .data          0x0000000000000000        0x0 Output/flash_fds_s132_pca10040 Release/Obj/thumb_crt0.o
 .bss           0x0000000000000000        0x0 Output/flash_fds_s132_pca10040 Release/Obj/thumb_crt0.o
 .text.abort    0x0000000000000000        0x2 Output/flash_fds_s132_pca10040 Release/Obj/thumb_crt0.o
 .text.__assert
                0x0000000000000000        0x2 Output/flash_fds_s132_pca10040 Release/Obj/thumb_crt0.o
 .text.__aeabi_assert
                0x0000000000000000        0x2 Output/flash_fds_s132_pca10040 Release/Obj/thumb_crt0.o
 .text.__sync_synchronize
                0x0000000000000000        0x2 Output/flash_fds_s132_pca10040 Release/Obj/thumb_crt0.o
 .text.__getchar
                0x0000000000000000        0x4 Output/flash_fds_s132_pca10040 Release/Obj/thumb_crt0.o
 .text.__putchar
                0x0000000000000000        0x4 Output/flash_fds_s132_pca10040 Release/Obj/thumb_crt0.o
 .text.__open   0x0000000000000000        0x4 Output/flash_fds_s132_pca10040 Release/Obj/thumb_crt0.o
 .text.__close  0x0000000000000000        0x4 Output/flash_fds_s132_pca10040 Release/Obj/thumb_crt0.o
 .text.__write  0x0000000000000000        0xa Output/flash_fds_s132_pca10040 Release/Obj/thumb_crt0.o
 .text.__read   0x0000000000000000        0xa Output/flash_fds_s132_pca10040 Release/Obj/thumb_crt0.o
 .text.__seek   0x0000000000000000       0x1a Output/flash_fds_s132_pca10040 Release/Obj/thumb_crt0.o
 .bss.__user_locale_name_buffer
                0x0000000000000000        0x4 Output/flash_fds_s132_pca10040 Release/Obj/thumb_crt0.o
 .stack         0x0000000000000000        0x0 Output/flash_fds_s132_pca10040 Release/Obj/thumb_crt0.o
 .stack_process
                0x0000000000000000        0x0 Output/flash_fds_s132_pca10040 Release/Obj/thumb_crt0.o
 .heap          0x0000000000000000        0x0 Output/flash_fds_s132_pca10040 Release/Obj/thumb_crt0.o
 .group         0x0000000000000000        0xc Output/flash_fds_s132_pca10040 Release/Obj/nrf_log_backend_serial.o
 .group         0x0000000000000000        0xc Output/flash_fds_s132_pca10040 Release/Obj/nrf_log_backend_serial.o
 .group         0x0000000000000000        0xc Output/flash_fds_s132_pca10040 Release/Obj/nrf_log_backend_serial.o
 .group         0x0000000000000000        0xc Output/flash_fds_s132_pca10040 Release/Obj/nrf_log_backend_serial.o
[...]
Memory Configuration

Name             Origin             Length             Attributes
UNPLACED_SECTIONS 0x0000000100000000 0x0000000000000000 xw
RAM              0x0000000020000000 0x0000000000010000 xw
FLASH            0x0000000000000000 0x0000000000080000 xw
*default*        0x0000000000000000 0xffffffffffffffff

Linker script and memory map

                0x0000000000000000                __vfprintf = __vfprintf_long
                0x0000000000000000                __vfscanf = __vfscanf_long
                0x0000000020000000                __RAM_segment_start__ = 0x20000000
                0x0000000020010000                __RAM_segment_end__ = 0x20010000
                0x0000000000010000                __RAM_segment_size__ = 0x10000
                0x0000000000000000                __FLASH_segment_start__ = 0x0
                0x0000000000080000                __FLASH_segment_end__ = 0x80000
                0x0000000000080000                __FLASH_segment_size__ = 0x80000
                0x0000000000000200                __HEAPSIZE__ = 0x200
                0x0000000000000000                __STACKSIZE_PROCESS__ = 0x0
                0x0000000000004000                __STACKSIZE__ = 0x4000
                0x0000000020000000                __reserved_ram_load_start__ = 0x20000000

.reserved_ram   0x0000000020000000     0x2250
                0x0000000020000000                __reserved_ram_start__ = .
 *(.reserved_ram .reserved_ram.*)
                0x0000000020002250                . = MAX (((__reserved_ram_start__ + 0x20002250) - 0x20000000), .)
 *fill*         0x0000000020000000     0x2250 
                0x0000000020002250                __reserved_ram_end__ = (__reserved_ram_start__ + SIZEOF (.reserved_ram))
                0x0000000000002250                __reserved_ram_size__ = SIZEOF (.reserved_ram)
                0x0000000020002250                __reserved_ram_load_end__ = __reserved_ram_end__
                0x0000000000000001                . = ASSERT (((__reserved_ram_start__ == __reserved_ram_end__) || ((__reserved_ram_end__ - __RAM_segment_start__) <= __RAM_segment_size__)), error: .reserved_ram is too large to fit in RAM memory segment)
                0x0000000020002250                __vectors_ram_load_start__ = 0x20002250

.vectors_ram    0x0000000020002250        0x0
                0x0000000020002250                __vectors_ram_start__ = .
                0x0000000020002250                __app_ram_start__ = __vectors_ram_start__
 *(.vectors_ram .vectors_ram.*)
                0x0000000020002250                __vectors_ram_end__ = (__vectors_ram_start__ + SIZEOF (.vectors_ram))
                0x0000000000000000                __vectors_ram_size__ = SIZEOF (.vectors_ram)
                0x0000000020002250                __vectors_ram_load_end__ = __vectors_ram_end__
                0x0000000000000001                . = ASSERT (((__vectors_ram_start__ == __vectors_ram_end__) || ((__vectors_ram_end__ - __RAM_segment_start__) <= __RAM_segment_size__)), error: .vectors_ram is too large to fit in RAM memory segment)
                0x0000000000000001                . = ASSERT ((__reserved_ram_end__ <= __vectors_ram_start__), error: section .reserved_ram overlaps absolute placed section .vectors_ram)
                0x0000000020002250                __nrf_sections_run_load_start__ = ALIGN (__vectors_ram_end__, 0x4)

.nrf_sections_run
                0x0000000020002250        0x0
                0x0000000020002250                __nrf_sections_run_start__ = .
                0x0000000020002250                __start_nrf_sections_run = __nrf_sections_run_start__
 *(.nrf_sections_run .nrf_sections_run.*)
                0x0000000020002250                __nrf_sections_run_end__ = (__nrf_sections_run_start__ + SIZEOF (.nrf_sections_run))
                0x0000000000000000                __nrf_sections_run_size__ = SIZEOF (.nrf_sections_run)
                0x0000000020002250                __nrf_sections_run_load_end__ = __nrf_sections_run_end__
                0x0000000000000001                . = ASSERT (((__nrf_sections_run_start__ == __nrf_sections_run_end__) || ((__nrf_sections_run_end__ - __RAM_segment_start__) <= __RAM_segment_size__)), error: .nrf_sections_run is too large to fit in RAM memory segment)
                0x0000000000000000                __reserved_flash_load_start__ = 0x0

.reserved_flash
                0x0000000000000000    0x26000
                0x0000000000000000                __reserved_flash_start__ = .
 *(.reserved_flash .reserved_flash.*)
                0x0000000000026000                . = MAX (((__reserved_flash_start__ + 0x26000) - 0x0), .)
 *fill*         0x0000000000000000    0x26000 
                0x0000000000026000                __reserved_flash_end__ = (__reserved_flash_start__ + SIZEOF (.reserved_flash))
                0x0000000000026000                __reserved_flash_size__ = SIZEOF (.reserved_flash)
                0x0000000000026000                __reserved_flash_load_end__ = __reserved_flash_end__
                0x0000000000000001                . = ASSERT (((__reserved_flash_start__ == __reserved_flash_end__) || ((__reserved_flash_end__ - __FLASH_segment_start__) <= __FLASH_segment_size__)), error: .reserved_flash is too large to fit in FLASH memory segment)
                0x0000000000026000                __vectors_load_start__ = 0x26000

.vectors        0x0000000000026000      0x200
                0x0000000000026000                __vectors_start__ = .
 *(.vectors .vectors.*)
 .vectors       0x0000000000026000      0x200 Output/flash_fds_s132_pca10040 Release/Obj/ses_startup_nrf52.o
                0x0000000000026000                _vectors
                0x0000000000026200                __vectors_end__ = (__vectors_start__ + SIZEOF (.vectors))
                0x0000000000000200                __vectors_size__ = SIZEOF (.vectors)
                0x0000000000026200                __vectors_load_end__ = __vectors_end__
                0x0000000000000001                . = ASSERT (((__vectors_start__ == __vectors_end__) || ((__vectors_end__ - __FLASH_segment_start__) <= __FLASH_segment_size__)), error: .vectors is too large to fit in FLASH memory segment)
                0x0000000000000001                . = ASSERT ((__reserved_flash_end__ <= __vectors_start__), error: section .reserved_flash overlaps absolute placed section .vectors)
                0x0000000000026200                __init_load_start__ = ALIGN (__vectors_end__, 0x4)

.init           0x0000000000026200      0x1d0
                0x0000000000026200                __init_start__ = .
 *(.init .init.*)
 .init          0x0000000000026200      0x15c Output/flash_fds_s132_pca10040 Release/Obj/thumb_crt0.o
                0x0000000000026200                _start
                0x00000000000262b4                exit
 .init          0x000000000002635c       0x18 Output/flash_fds_s132_pca10040 Release/Obj/ses_startup_nrf52.o
                0x000000000002635c                NMI_Handler
                0x000000000002635e                HardFault_Handler
                0x0000000000026360                MemoryManagement_Handler
                0x0000000000026362                BusFault_Handler
                0x0000000000026364                UsageFault_Handler
                0x0000000000026366                SVC_Handler
                0x0000000000026368                DebugMon_Handler
                0x000000000002636a                PendSV_Handler
                0x000000000002636c                SysTick_Handler
                0x000000000002636e                PWM1_IRQHandler
                0x000000000002636e                SWI0_EGU0_IRQHandler
                0x000000000002636e                POWER_CLOCK_IRQHandler
                0x000000000002636e                RADIO_IRQHandler
                0x000000000002636e                PDM_IRQHandler
                0x000000000002636e                TEMP_IRQHandler
                0x000000000002636e                QDEC_IRQHandler
                0x000000000002636e                RTC0_IRQHandler
                0x000000000002636e                FPU_IRQHandler
                0x000000000002636e                SPIM0_SPIS0_TWIM0_TWIS0_SPI0_TWI0_IRQHandler
                0x000000000002636e                GPIOTE_IRQHandler
                0x000000000002636e                TIMER4_IRQHandler
                0x000000000002636e                I2S_IRQHandler
                0x000000000002636e                SWI4_EGU4_IRQHandler
                0x000000000002636e                TIMER0_IRQHandler
                0x000000000002636e                Dummy_Handler
                0x000000000002636e                TIMER1_IRQHandler
                0x000000000002636e                PWM2_IRQHandler
                0x000000000002636e                ECB_IRQHandler
                0x000000000002636e                SPIM1_SPIS1_TWIM1_TWIS1_SPI1_TWI1_IRQHandler
                0x000000000002636e                SAADC_IRQHandler
                0x000000000002636e                CCM_AAR_IRQHandler
                0x000000000002636e                WDT_IRQHandler
                0x000000000002636e                TIMER3_IRQHandler
                0x000000000002636e                SWI5_EGU5_IRQHandler
                0x000000000002636e                RNG_IRQHandler
                0x000000000002636e                RTC2_IRQHandler
                0x000000000002636e                PWM0_IRQHandler
                0x000000000002636e                SWI3_EGU3_IRQHandler
                0x000000000002636e                SWI1_EGU1_IRQHandler
                0x000000000002636e                SPIM2_SPIS2_SPI2_IRQHandler
                0x000000000002636e                NFCT_IRQHandler
                0x000000000002636e                TIMER2_IRQHandler
                0x000000000002636e                MWU_IRQHandler
                0x000000000002636e                COMP_LPCOMP_IRQHandler
                0x0000000000026370                nRFInitialize
 .init          0x0000000000026374       0x5c Output/flash_fds_s132_pca10040 Release/Obj/ses_startup_nrf_common.o
                0x0000000000026374                Reset_Handler
                0x0000000000026378                afterInitialize
                0x000000000002639c                InitializeUserMemorySections
                0x00000000000263d0                __init_end__ = (__init_start__ + SIZEOF (.init))
                0x00000000000001d0                __init_size__ = SIZEOF (.init)
                0x00000000000263d0                __init_load_end__ = __init_end__
                0x0000000000000001                . = ASSERT (((__init_start__ == __init_end__) || ((__init_end__ - __FLASH_segment_start__) <= __FLASH_segment_size__)), error: .init is too large to fit in FLASH memory segment)
                0x00000000000263d0                __init_rodata_load_start__ = ALIGN (__init_end__, 0x4)

.init_rodata    0x00000000000263d0        0x0
                0x00000000000263d0                __init_rodata_start__ = .
 *(.init_rodata .init_rodata.*)
                0x00000000000263d0                __init_rodata_end__ = (__init_rodata_start__ + SIZEOF (.init_rodata))
                0x0000000000000000                __init_rodata_size__ = SIZEOF (.init_rodata)
                0x00000000000263d0                __init_rodata_load_end__ = __init_rodata_end__
                0x0000000000000001                . = ASSERT (((__init_rodata_start__ == __init_rodata_end__) || ((__init_rodata_end__ - __FLASH_segment_start__) <= __FLASH_segment_size__)), error: .init_rodata is too large to fit in FLASH memory segment)
                0x00000000000263d0                __text_load_start__ = ALIGN (__init_rodata_end__, 0x4)

.text           0x00000000000263d0     0x8262
                0x00000000000263d0                __text_start__ = .
 *(.text .text.* .glue_7t .glue_7 .gnu.linkonce.t.* .gcc_except_table .ARM.extab* .gnu.linkonce.armextab.*)
 .glue_7        0x00000000000263d0        0x0 linker stubs
 .glue_7t       0x00000000000263d0        0x0 linker stubs
 .text.__aeabi_read_tp
                0x00000000000263d0        0x8 Output/flash_fds_s132_pca10040 Release/Obj/thumb_crt0.o
                0x00000000000263d0                __aeabi_read_tp
 .text.nrf_log_backend_serial_put
                0x00000000000263d8       0xc0 Output/flash_fds_s132_pca10040 Release/Obj/nrf_log_backend_serial.o
                0x00000000000263d8                nrf_log_backend_serial_put
 .text.uart_evt_handler
                0x0000000000026498        0xc Output/flash_fds_s132_pca10040 Release/Obj/nrf_log_backend_uart.o
 .text.nrf_log_backend_uart_flush
                0x00000000000264a4        0x2 Output/flash_fds_s132_pca10040 Release/Obj/nrf_log_backend_uart.o
 *fill*         0x00000000000264a6        0x2 
 .text.uart_init
                0x00000000000264a8       0x4c Output/flash_fds_s132_pca10040 Release/Obj/nrf_log_backend_uart.o
 .text.nrf_log_backend_uart_put
                0x00000000000264f4       0x1c Output/flash_fds_s132_pca10040 Release/Obj/nrf_log_backend_uart.o
 .text.serial_tx
                0x0000000000026510       0x48 Output/flash_fds_s132_pca10040 Release/Obj/nrf_log_backend_uart.o
 .text.nrf_log_backend_uart_panic_set
                0x0000000000026558       0x2c Output/flash_fds_s132_pca10040 Release/Obj/nrf_log_backend_uart.o
 .text.severity_lvl_get
                0x0000000000026584       0x24 Output/flash_fds_s132_pca10040 Release/Obj/nrf_log_frontend.o
 .text.log_halt
                0x00000000000265a8        0x8 Output/flash_fds_s132_pca10040 Release/Obj/nrf_log_frontend.o
 .text.log_self_halt
                0x00000000000265b0        0xa Output/flash_fds_s132_pca10040 Release/Obj/nrf_log_frontend.o
 .text.log_go   0x00000000000265ba        0x8 Output/flash_fds_s132_pca10040 Release/Obj/nrf_log_frontend.o
 .text.log_self_go
                0x00000000000265c2        0xa Output/flash_fds_s132_pca10040 Release/Obj/nrf_log_frontend.o
 .text.backend_name_get
                0x00000000000265cc       0x44 Output/flash_fds_s132_pca10040 Release/Obj/nrf_log_frontend.o
 .text.nrf_cli_backend_cmd_execute
                0x0000000000026610       0x6c Output/flash_fds_s132_pca10040 Release/Obj/nrf_log_frontend.o
 .text.log_backend_status
                0x000000000002667c        0xc Output/flash_fds_s132_pca10040 Release/Obj/nrf_log_frontend.o
 .text.log_backend_halt
                0x0000000000026688        0xc Output/flash_fds_s132_pca10040 Release/Obj/nrf_log_frontend.o
 .text.log_backend_go
                0x0000000000026694        0xc Output/flash_fds_s132_pca10040 Release/Obj/nrf_log_frontend.o
 .text.log_backend_ctrl
                0x00000000000266a0        0xc Output/flash_fds_s132_pca10040 Release/Obj/nrf_log_frontend.o
 .text.invalid_packets_omit
                0x00000000000266ac       0x3a Output/flash_fds_s132_pca10040 Release/Obj/nrf_log_frontend.o
 *fill*         0x00000000000266e6        0x2 
 .text.buf_prealloc
                0x00000000000266e8      0x138 Output/flash_fds_s132_pca10040 Release/Obj/nrf_log_frontend.o
 .text.log_cmd  0x0000000000026820       0x44 Output/flash_fds_s132_pca10040 Release/Obj/nrf_log_frontend.o
 .text.log_cmd_backends_list
                0x0000000000026864       0x8c Output/flash_fds_s132_pca10040 Release/Obj/nrf_log_frontend.o
 .text.module_idx_get.part.9
                0x00000000000268f0       0x38 Output/flash_fds_s132_pca10040 Release/Obj/nrf_log_frontend.o
 .text.nrf_log_init
                0x0000000000026928       0xb0 Output/flash_fds_s132_pca10040 Release/Obj/nrf_log_frontend.o
                0x0000000000026928                nrf_log_init
 .text.nrf_log_module_name_get
                0x00000000000269d8       0x28 Output/flash_fds_s132_pca10040 Release/Obj/nrf_log_frontend.o
                0x00000000000269d8                nrf_log_module_name_get
 .text.module_name_get
                0x0000000000026a00       0x1c Output/flash_fds_s132_pca10040 Release/Obj/nrf_log_frontend.o
 .text.nrf_log_color_id_get
                0x0000000000026a1c       0x2c Output/flash_fds_s132_pca10040 Release/Obj/nrf_log_frontend.o
                0x0000000000026a1c                nrf_log_color_id_get
 .text.nrf_log_module_filter_set
                0x0000000000026a48       0x50 Output/flash_fds_s132_pca10040 Release/Obj/nrf_log_frontend.o
                0x0000000000026a48                nrf_log_module_filter_set
 .text.log_ctrl
                0x0000000000026a98      0x168 Output/flash_fds_s132_pca10040 Release/Obj/nrf_log_frontend.o
 .text.log_self_ctrl
                0x0000000000026c00        0xa Output/flash_fds_s132_pca10040 Release/Obj/nrf_log_frontend.o
 *fill*         0x0000000000026c0a        0x2 
 .text.nrf_log_module_filter_get
                0x0000000000026c0c       0x54 Output/flash_fds_s132_pca10040 Release/Obj/nrf_log_frontend.o
                0x0000000000026c0c                nrf_log_module_filter_get
 .text.log_status
                0x0000000000026c60       0xcc Output/flash_fds_s132_pca10040 Release/Obj/nrf_log_frontend.o
 .text.log_self_status
                0x0000000000026d2c        0xa Output/flash_fds_s132_pca10040 Release/Obj/nrf_log_frontend.o
 *fill*         0x0000000000026d36        0x2 
 .text.buffer_is_empty
                0x0000000000026d38       0x14 Output/flash_fds_s132_pca10040 Release/Obj/nrf_log_frontend.o
                0x0000000000026d38                buffer_is_empty
 .text.nrf_log_frontend_dequeue
                0x0000000000026d4c      0x26c Output/flash_fds_s132_pca10040 Release/Obj/nrf_log_frontend.o
                0x0000000000026d4c                nrf_log_frontend_dequeue
 .text.std_n    0x0000000000026fb8       0xb0 Output/flash_fds_s132_pca10040 Release/Obj/nrf_log_frontend.o
 .text.nrf_log_frontend_std_0
                0x0000000000027068        0x8 Output/flash_fds_s132_pca10040 Release/Obj/nrf_log_frontend.o
                0x0000000000027068                nrf_log_frontend_std_0
 .text.nrf_log_frontend_std_1
                0x0000000000027070       0x12 Output/flash_fds_s132_pca10040 Release/Obj/nrf_log_frontend.o
                0x0000000000027070                nrf_log_frontend_std_1
 .text.nrf_log_frontend_std_2
                0x0000000000027082       0x14 Output/flash_fds_s132_pca10040 Release/Obj/nrf_log_frontend.o
                0x0000000000027082                nrf_log_frontend_std_2
 .text.nrf_log_frontend_std_3
                0x0000000000027096       0x18 Output/flash_fds_s132_pca10040 Release/Obj/nrf_log_frontend.o
                0x0000000000027096                nrf_log_frontend_std_3
 *fill*         0x00000000000270ae        0x2 
 .text.nrf_log_backend_add
                0x00000000000270b0       0x80 Output/flash_fds_s132_pca10040 Release/Obj/nrf_log_frontend.o
                0x00000000000270b0                nrf_log_backend_add
 .text.nrf_log_panic
                0x0000000000027130       0x2c Output/flash_fds_s132_pca10040 Release/Obj/nrf_log_frontend.o
                0x0000000000027130                nrf_log_panic
 .text.nrf_log_config_store
                0x000000000002715c       0xb0 Output/flash_fds_s132_pca10040 Release/Obj/nrf_log_frontend.o
                0x000000000002715c                nrf_log_config_store
 .text.log_config_store_cmd
                0x000000000002720c       0x3c Output/flash_fds_s132_pca10040 Release/Obj/nrf_log_frontend.o
 .text.nrf_log_config_load
                0x0000000000027248       0x8c Output/flash_fds_s132_pca10040 Release/Obj/nrf_log_frontend.o
                0x0000000000027248                nrf_log_config_load
 .text.log_config_load_cmd
                0x00000000000272d4       0x3c Output/flash_fds_s132_pca10040 Release/Obj/nrf_log_frontend.o
 .text.postfix_process
                0x0000000000027310       0x3c Output/flash_fds_s132_pca10040 Release/Obj/nrf_log_str_formatter.o
 .text.prefix_process
                0x000000000002734c       0x78 Output/flash_fds_s132_pca10040 Release/Obj/nrf_log_str_formatter.o
 .text.nrf_log_std_entry_process
                0x00000000000273c4       0xc8 Output/flash_fds_s132_pca10040 Release/Obj/nrf_log_str_formatter.o
                0x00000000000273c4                nrf_log_std_entry_process
 .text.nrf_log_hexdump_entry_process
                0x000000000002748c       0xb4 Output/flash_fds_s132_pca10040 Release/Obj/nrf_log_str_formatter.o
                0x000000000002748c                nrf_log_hexdump_entry_process
 .text.app_error_handler_bare
                0x0000000000027540       0x1a Output/flash_fds_s132_pca10040 Release/Obj/app_error.o
                0x0000000000027540                app_error_handler_bare
 *fill*         0x000000000002755a        0x2 
 .text.app_error_fault_handler
                0x000000000002755c       0x70 Output/flash_fds_s132_pca10040 Release/Obj/app_error_weak.o
                0x000000000002755c                app_error_fault_handler
 .text.compare_func
                0x00000000000275cc       0x16 Output/flash_fds_s132_pca10040 Release/Obj/app_timer2.o
 *fill*         0x00000000000275e2        0x2 
 .text.get_now  0x00000000000275e4       0x44 Output/flash_fds_s132_pca10040 Release/Obj/app_timer2.o
 .text.timer_req_schedule
                0x0000000000027628       0x38 Output/flash_fds_s132_pca10040 Release/Obj/app_timer2.o
 .text.timer_expire
                0x0000000000027660       0x78 Output/flash_fds_s132_pca10040 Release/Obj/app_timer2.o
 .text.app_timer_init
                0x00000000000276d8       0x64 Output/flash_fds_s132_pca10040 Release/Obj/app_timer2.o
                0x00000000000276d8                app_timer_init
 .text.app_timer_create
                0x000000000002773c       0x16 Output/flash_fds_s132_pca10040 Release/Obj/app_timer2.o
                0x000000000002773c                app_timer_create
 .text.app_timer_start
                0x0000000000027752       0x32 Output/flash_fds_s132_pca10040 Release/Obj/app_timer2.o
                0x0000000000027752                app_timer_start
 .text.app_timer_stop
                0x0000000000027784        0xe Output/flash_fds_s132_pca10040 Release/Obj/app_timer2.o
                0x0000000000027784                app_timer_stop
 *fill*         0x0000000000027792        0x2 
 .text.app_timer_cnt_get
                0x0000000000027794        0xc Output/flash_fds_s132_pca10040 Release/Obj/app_timer2.o
                0x0000000000027794                app_timer_cnt_get
 .text.rtc_irq  0x00000000000277a0      0x19c Output/flash_fds_s132_pca10040 Release/Obj/app_timer2.o
 .text.app_util_critical_region_enter
                0x000000000002793c       0x48 Output/flash_fds_s132_pca10040 Release/Obj/app_util_platform.o
                0x000000000002793c                app_util_critical_region_enter
 .text.app_util_critical_region_exit
                0x0000000000027984       0x2c Output/flash_fds_s132_pca10040 Release/Obj/app_util_platform.o
                0x0000000000027984                app_util_critical_region_exit
 .text.crc16_compute
                0x00000000000279b0       0x36 Output/flash_fds_s132_pca10040 Release/Obj/crc16.o
                0x00000000000279b0                crc16_compute
 .text.evt_pending.isra.3
                0x00000000000279e6       0x1a Output/flash_fds_s132_pca10040 Release/Obj/drv_rtc.o
 .text.drv_rtc_init
                0x0000000000027a00       0xc8 Output/flash_fds_s132_pca10040 Release/Obj/drv_rtc.o
                0x0000000000027a00                drv_rtc_init
 .text.drv_rtc_start
                0x0000000000027ac8        0x8 Output/flash_fds_s132_pca10040 Release/Obj/drv_rtc.o
                0x0000000000027ac8                drv_rtc_start
 .text.drv_rtc_stop
                0x0000000000027ad0        0x8 Output/flash_fds_s132_pca10040 Release/Obj/drv_rtc.o
                0x0000000000027ad0                drv_rtc_stop
 .text.drv_rtc_compare_set
                0x0000000000027ad8       0x3e Output/flash_fds_s132_pca10040 Release/Obj/drv_rtc.o
                0x0000000000027ad8                drv_rtc_compare_set
 *fill*         0x0000000000027b16        0x2 
 .text.drv_rtc_windowed_compare_set
                0x0000000000027b18       0xe8 Output/flash_fds_s132_pca10040 Release/Obj/drv_rtc.o
                0x0000000000027b18                drv_rtc_windowed_compare_set
 .text.drv_rtc_overflow_enable
                0x0000000000027c00       0x10 Output/flash_fds_s132_pca10040 Release/Obj/drv_rtc.o
                0x0000000000027c00                drv_rtc_overflow_enable
 .text.drv_rtc_overflow_pending
                0x0000000000027c10        0xa Output/flash_fds_s132_pca10040 Release/Obj/drv_rtc.o
                0x0000000000027c10                drv_rtc_overflow_pending
 .text.drv_rtc_compare_disable
                0x0000000000027c1a       0x14 Output/flash_fds_s132_pca10040 Release/Obj/drv_rtc.o
                0x0000000000027c1a                drv_rtc_compare_disable
 .text.drv_rtc_compare_pending
                0x0000000000027c2e        0xc Output/flash_fds_s132_pca10040 Release/Obj/drv_rtc.o
                0x0000000000027c2e                drv_rtc_compare_pending
 .text.drv_rtc_counter_get
                0x0000000000027c3a        0x8 Output/flash_fds_s132_pca10040 Release/Obj/drv_rtc.o
                0x0000000000027c3a                drv_rtc_counter_get
 *fill*         0x0000000000027c42        0x2 
 .text.drv_rtc_irq_trigger
                0x0000000000027c44       0x20 Output/flash_fds_s132_pca10040 Release/Obj/drv_rtc.o
                0x0000000000027c44                drv_rtc_irq_trigger
 .text.RTC1_IRQHandler
                0x0000000000027c64       0x14 Output/flash_fds_s132_pca10040 Release/Obj/drv_rtc.o
                0x0000000000027c64                RTC1_IRQHandler
 .text.event_send
                0x0000000000027c78       0x20 Output/flash_fds_s132_pca10040 Release/Obj/fds.o
 .text.write_space_reserve
                0x0000000000027c98       0x60 Output/flash_fds_s132_pca10040 Release/Obj/fds.o
 .text.gc_page_erase
                0x0000000000027cf8       0x40 Output/flash_fds_s132_pca10040 Release/Obj/fds.o
 .text.page_tag_write_swap
                0x0000000000027d38       0x28 Output/flash_fds_s132_pca10040 Release/Obj/fds.o
 .text.page_tag_write_data
                0x0000000000027d60       0x20 Output/flash_fds_s132_pca10040 Release/Obj/fds.o
 .text.record_header_flag_dirty
                0x0000000000027d80       0x38 Output/flash_fds_s132_pca10040 Release/Obj/fds.o
 .text.gc_record_copy
                0x0000000000027db8       0x38 Output/flash_fds_s132_pca10040 Release/Obj/fds.o
 .text.queue_buf_get
                0x0000000000027df0       0x1c Output/flash_fds_s132_pca10040 Release/Obj/fds.o
 .text.page_identify
                0x0000000000027e0c       0x30 Output/flash_fds_s132_pca10040 Release/Obj/fds.o
 .text.header_check
                0x0000000000027e3c       0x2c Output/flash_fds_s132_pca10040 Release/Obj/fds.o
 .text.page_scan
                0x0000000000027e68       0x6c Output/flash_fds_s132_pca10040 Release/Obj/fds.o
 .text.record_find_next
                0x0000000000027ed4       0x5c Output/flash_fds_s132_pca10040 Release/Obj/fds.o
 .text.record_find_by_desc
                0x0000000000027f30       0xa8 Output/flash_fds_s132_pca10040 Release/Obj/fds.o
 .text.record_find
                0x0000000000027fd8       0x88 Output/flash_fds_s132_pca10040 Release/Obj/fds.o
 .text.gc_record_find_next
                0x0000000000028060       0x24 Output/flash_fds_s132_pca10040 Release/Obj/fds.o
 .text.queue_process
                0x0000000000028084      0x4c4 Output/flash_fds_s132_pca10040 Release/Obj/fds.o
 .text.fs_event_handler
                0x0000000000028548        0x6 Output/flash_fds_s132_pca10040 Release/Obj/fds.o
 *fill*         0x000000000002854e        0x2 
 .text.queue_start
                0x0000000000028550       0x1c Output/flash_fds_s132_pca10040 Release/Obj/fds.o
 .text.write_enqueue
                0x000000000002856c      0x128 Output/flash_fds_s132_pca10040 Release/Obj/fds.o
 .text.fds_register
                0x0000000000028694       0x2c Output/flash_fds_s132_pca10040 Release/Obj/fds.o
                0x0000000000028694                fds_register
 .text.fds_init
                0x00000000000286c0      0x220 Output/flash_fds_s132_pca10040 Release/Obj/fds.o
                0x00000000000286c0                fds_init
 .text.fds_record_open
                0x00000000000288e0       0x7c Output/flash_fds_s132_pca10040 Release/Obj/fds.o
                0x00000000000288e0                fds_record_open
 .text.fds_record_close
                0x000000000002895c       0x48 Output/flash_fds_s132_pca10040 Release/Obj/fds.o
                0x000000000002895c                fds_record_close
 .text.fds_record_write
                0x00000000000289a4        0x8 Output/flash_fds_s132_pca10040 Release/Obj/fds.o
                0x00000000000289a4                fds_record_write
 .text.fds_record_update
                0x00000000000289ac       0x10 Output/flash_fds_s132_pca10040 Release/Obj/fds.o
                0x00000000000289ac                fds_record_update
 .text.fds_record_delete
                0x00000000000289bc       0x4c Output/flash_fds_s132_pca10040 Release/Obj/fds.o
                0x00000000000289bc                fds_record_delete
 .text.fds_gc   0x0000000000028a08       0x4c Output/flash_fds_s132_pca10040 Release/Obj/fds.o
                0x0000000000028a08                fds_gc
 .text.fds_record_iterate
                0x0000000000028a54        0xc Output/flash_fds_s132_pca10040 Release/Obj/fds.o
                0x0000000000028a54                fds_record_iterate
 .text.fds_record_find
                0x0000000000028a60       0x1a Output/flash_fds_s132_pca10040 Release/Obj/fds.o
                0x0000000000028a60                fds_record_find
 *fill*         0x0000000000028a7a        0x2 
 .text.fds_stat
                0x0000000000028a7c      0x100 Output/flash_fds_s132_pca10040 Release/Obj/fds.o
                0x0000000000028a7c                fds_stat
 .text.nrf_atfifo_init
                0x0000000000028b7c       0x26 Output/flash_fds_s132_pca10040 Release/Obj/nrf_atfifo.o
                0x0000000000028b7c                nrf_atfifo_init
 .text.nrf_atfifo_clear
                0x0000000000028ba2       0x44 Output/flash_fds_s132_pca10040 Release/Obj/nrf_atfifo.o
                0x0000000000028ba2                nrf_atfifo_clear
 .text.nrf_atfifo_item_alloc
                0x0000000000028be6       0x54 Output/flash_fds_s132_pca10040 Release/Obj/nrf_atfifo.o
                0x0000000000028be6                nrf_atfifo_item_alloc
 .text.nrf_atfifo_item_put
                0x0000000000028c3a       0x20 Output/flash_fds_s132_pca10040 Release/Obj/nrf_atfifo.o
                0x0000000000028c3a                nrf_atfifo_item_put
 .text.nrf_atfifo_item_get
                0x0000000000028c5a       0x56 Output/flash_fds_s132_pca10040 Release/Obj/nrf_atfifo.o
                0x0000000000028c5a                nrf_atfifo_item_get
 .text.nrf_atfifo_item_free
                0x0000000000028cb0       0x20 Output/flash_fds_s132_pca10040 Release/Obj/nrf_atfifo.o
                0x0000000000028cb0                nrf_atfifo_item_free
 .text.nrf_atomic_u32_fetch_store
                0x0000000000028cd0       0x14 Output/flash_fds_s132_pca10040 Release/Obj/nrf_atomic.o
                0x0000000000028cd0                nrf_atomic_u32_fetch_store
 .text.nrf_atomic_u32_fetch_or
                0x0000000000028ce4       0x16 Output/flash_fds_s132_pca10040 Release/Obj/nrf_atomic.o
                0x0000000000028ce4                nrf_atomic_u32_fetch_or
 .text.nrf_atomic_u32_or
                0x0000000000028cfa       0x16 Output/flash_fds_s132_pca10040 Release/Obj/nrf_atomic.o
                0x0000000000028cfa                nrf_atomic_u32_or
 .text.nrf_atomic_u32_fetch_and
                0x0000000000028d10       0x16 Output/flash_fds_s132_pca10040 Release/Obj/nrf_atomic.o
                0x0000000000028d10                nrf_atomic_u32_fetch_and
 .text.nrf_atomic_u32_and
                0x0000000000028d26       0x16 Output/flash_fds_s132_pca10040 Release/Obj/nrf_atomic.o
                0x0000000000028d26                nrf_atomic_u32_and
 .text.nrf_atomic_u32_fetch_add
                0x0000000000028d3c       0x16 Output/flash_fds_s132_pca10040 Release/Obj/nrf_atomic.o
                0x0000000000028d3c                nrf_atomic_u32_fetch_add
 .text.nrf_atomic_u32_add
                0x0000000000028d52       0x16 Output/flash_fds_s132_pca10040 Release/Obj/nrf_atomic.o
                0x0000000000028d52                nrf_atomic_u32_add
 .text.nrf_atomic_u32_sub
                0x0000000000028d68       0x16 Output/flash_fds_s132_pca10040 Release/Obj/nrf_atomic.o
                0x0000000000028d68                nrf_atomic_u32_sub
 .text.nrf_atomic_flag_set_fetch
                0x0000000000028d7e        0x6 Output/flash_fds_s132_pca10040 Release/Obj/nrf_atomic.o
                0x0000000000028d7e                nrf_atomic_flag_set_fetch
 .text.nrf_atomic_flag_set
                0x0000000000028d84        0x6 Output/flash_fds_s132_pca10040 Release/Obj/nrf_atomic.o
                0x0000000000028d84                nrf_atomic_flag_set
 .text.nrf_atomic_flag_clear_fetch
                0x0000000000028d8a        0x6 Output/flash_fds_s132_pca10040 Release/Obj/nrf_atomic.o
                0x0000000000028d8a                nrf_atomic_flag_clear_fetch
 .text.nrf_atomic_flag_clear
                0x0000000000028d90        0x6 Output/flash_fds_s132_pca10040 Release/Obj/nrf_atomic.o
                0x0000000000028d90                nrf_atomic_flag_clear
 *fill*         0x0000000000028d96        0x2 
 .text.nrf_balloc_status
                0x0000000000028d98       0xb0 Output/flash_fds_s132_pca10040 Release/Obj/nrf_balloc.o
 .text.nrf_balloc_init
                0x0000000000028e48       0x2e Output/flash_fds_s132_pca10040 Release/Obj/nrf_balloc.o
                0x0000000000028e48                nrf_balloc_init
 .text.nrf_balloc_alloc
                0x0000000000028e76       0x48 Output/flash_fds_s132_pca10040 Release/Obj/nrf_balloc.o
                0x0000000000028e76                nrf_balloc_alloc
 .text.nrf_balloc_free
                0x0000000000028ebe       0x34 Output/flash_fds_s132_pca10040 Release/Obj/nrf_balloc.o
                0x0000000000028ebe                nrf_balloc_free
 .text.cli_transport_evt_handler
                0x0000000000028ef2       0x12 Output/flash_fds_s132_pca10040 Release/Obj/nrf_cli.o
 .text.nrf_log_backend_cli_panic_set
                0x0000000000028f04       0x1e Output/flash_fds_s132_pca10040 Release/Obj/nrf_cli.o
 .text.string_cmp
                0x0000000000028f22        0x8 Output/flash_fds_s132_pca10040 Release/Obj/nrf_cli.o
 .text.cli_strlen
                0x0000000000028f2a        0x8 Output/flash_fds_s132_pca10040 Release/Obj/nrf_cli.o
 .text.cursor_in_empty_line
                0x0000000000028f32       0x24 Output/flash_fds_s132_pca10040 Release/Obj/nrf_cli.o
 .text.multiline_console_data_check
                0x0000000000028f56       0x3e Output/flash_fds_s132_pca10040 Release/Obj/nrf_cli.o
 .text.full_line_cmd
                0x0000000000028f94       0x24 Output/flash_fds_s132_pca10040 Release/Obj/nrf_cli.o
 .text.cmd_get  0x0000000000028fb8       0x7c Output/flash_fds_s132_pca10040 Release/Obj/nrf_cli.o
 .text.history_list_element_oldest_remove.isra.18
                0x0000000000029034       0x6c Output/flash_fds_s132_pca10040 Release/Obj/nrf_cli.o
 .text.vt100_color_set
                0x00000000000290a0       0x48 Output/flash_fds_s132_pca10040 Release/Obj/nrf_cli.o
 .text.vt100_bgcolor_set.part.20
                0x00000000000290e8       0x3c Output/flash_fds_s132_pca10040 Release/Obj/nrf_cli.o
 .text.cursor_next_line_move.isra.21
                0x0000000000029124        0xc Output/flash_fds_s132_pca10040 Release/Obj/nrf_cli.o
 .text.cursor_right_move.isra.22.part.23
                0x0000000000029130       0x10 Output/flash_fds_s132_pca10040 Release/Obj/nrf_cli.o
 .text.cursor_right_move.isra.22
                0x0000000000029140        0x8 Output/flash_fds_s132_pca10040 Release/Obj/nrf_cli.o
 .text.cli_clear_eos.isra.28
                0x0000000000029148       0x10 Output/flash_fds_s132_pca10040 Release/Obj/nrf_cli.o
 .text.make_argv.constprop.50
                0x0000000000029158      0x17a Output/flash_fds_s132_pca10040 Release/Obj/nrf_cli.o
 .text.cli_write.constprop.52
                0x00000000000292d2       0x4c Output/flash_fds_s132_pca10040 Release/Obj/nrf_cli.o
 .text.format_offset_string_print.constprop.51
                0x000000000002931e       0xfa Output/flash_fds_s132_pca10040 Release/Obj/nrf_cli.o
 .text.cursor_up_move.isra.32
                0x0000000000029418       0x14 Output/flash_fds_s132_pca10040 Release/Obj/nrf_cli.o
 .text.cursor_left_move.isra.25
                0x000000000002942c       0x14 Output/flash_fds_s132_pca10040 Release/Obj/nrf_cli.o
 .text.cursor_home_position_move
                0x0000000000029440       0x56 Output/flash_fds_s132_pca10040 Release/Obj/nrf_cli.o
 .text.cursor_position_synchronize
                0x0000000000029496       0x66 Output/flash_fds_s132_pca10040 Release/Obj/nrf_cli.o
 .text.cursor_position_get
                0x00000000000294fc      0x118 Output/flash_fds_s132_pca10040 Release/Obj/nrf_cli.o
 .text.cursor_end_position_move
                0x0000000000029614       0x54 Output/flash_fds_s132_pca10040 Release/Obj/nrf_cli.o
 .text.nrf_cli_init
                0x0000000000029668       0xd0 Output/flash_fds_s132_pca10040 Release/Obj/nrf_cli.o
                0x0000000000029668                nrf_cli_init
 .text.nrf_cli_print_stream
                0x0000000000029738        0x4 Output/flash_fds_s132_pca10040 Release/Obj/nrf_cli.o
                0x0000000000029738                nrf_cli_print_stream
 .text.nrf_cli_fprintf
                0x000000000002973c       0x68 Output/flash_fds_s132_pca10040 Release/Obj/nrf_cli.o
                0x000000000002973c                nrf_cli_fprintf
 .text.completion_insert
                0x00000000000297a4       0x90 Output/flash_fds_s132_pca10040 Release/Obj/nrf_cli.o
 .text.char_insert
                0x0000000000029834      0x160 Output/flash_fds_s132_pca10040 Release/Obj/nrf_cli.o
 .text.history_handle
                0x0000000000029994      0x134 Output/flash_fds_s132_pca10040 Release/Obj/nrf_cli.o
 .text.char_delete
                0x0000000000029ac8       0xa8 Output/flash_fds_s132_pca10040 Release/Obj/nrf_cli.o
 .text.cli_log_entry_process
                0x0000000000029b70      0x13c Output/flash_fds_s132_pca10040 Release/Obj/nrf_cli.o
 .text.nrf_log_backend_cli_flush
                0x0000000000029cac        0xa Output/flash_fds_s132_pca10040 Release/Obj/nrf_cli.o
 .text.nrf_log_backend_cli_put
                0x0000000000029cb6       0x40 Output/flash_fds_s132_pca10040 Release/Obj/nrf_cli.o
 *fill*         0x0000000000029cf6        0x2 
 .text.nrf_cli_process
                0x0000000000029cf8      0xa8c Output/flash_fds_s132_pca10040 Release/Obj/nrf_cli.o
                0x0000000000029cf8                nrf_cli_process
 .text.nrf_cli_start
                0x000000000002a784       0x5c Output/flash_fds_s132_pca10040 Release/Obj/nrf_cli.o
                0x000000000002a784                nrf_cli_start
 .text.nrf_cli_help_print
                0x000000000002a7e0      0x22c Output/flash_fds_s132_pca10040 Release/Obj/nrf_cli.o
                0x000000000002a7e0                nrf_cli_help_print
 .text.nrf_cli_cmd_cli_stats.part.44
                0x000000000002aa0c        0x8 Output/flash_fds_s132_pca10040 Release/Obj/nrf_cli.o
 .text.nrf_cli_cmd_clear
                0x000000000002aa14       0x40 Output/flash_fds_s132_pca10040 Release/Obj/nrf_cli.o
 .text.nrf_cli_cmd_cli
                0x000000000002aa54       0x24 Output/flash_fds_s132_pca10040 Release/Obj/nrf_cli.o
 .text.nrf_cli_build_in_cmd_common_executed.constprop.48
                0x000000000002aa78       0x34 Output/flash_fds_s132_pca10040 Release/Obj/nrf_cli.o
 .text.nrf_cli_cmd_colors
                0x000000000002aaac       0x40 Output/flash_fds_s132_pca10040 Release/Obj/nrf_cli.o
 .text.nrf_cli_cmd_cli_stats
                0x000000000002aaec       0x44 Output/flash_fds_s132_pca10040 Release/Obj/nrf_cli.o
                0x000000000002aaec                nrf_cli_cmd_cli_stats
 .text.nrf_cli_cmd_resize_default
                0x000000000002ab30       0x30 Output/flash_fds_s132_pca10040 Release/Obj/nrf_cli.o
 .text.nrf_cli_cmd_resize
                0x000000000002ab60       0xb4 Output/flash_fds_s132_pca10040 Release/Obj/nrf_cli.o
 .text.nrf_cli_cmd_history
                0x000000000002ac14       0x74 Output/flash_fds_s132_pca10040 Release/Obj/nrf_cli.o
 .text.nrf_cli_cmd_colors_off
                0x000000000002ac88       0x22 Output/flash_fds_s132_pca10040 Release/Obj/nrf_cli.o
 .text.nrf_cli_cmd_colors_on
                0x000000000002acaa       0x22 Output/flash_fds_s132_pca10040 Release/Obj/nrf_cli.o
 .text.nrf_cli_cmd_echo_off
                0x000000000002accc       0x22 Output/flash_fds_s132_pca10040 Release/Obj/nrf_cli.o
 .text.nrf_cli_cmd_echo_on
                0x000000000002acee       0x22 Output/flash_fds_s132_pca10040 Release/Obj/nrf_cli.o
 .text.nrf_cli_cmd_echo
                0x000000000002ad10       0x68 Output/flash_fds_s132_pca10040 Release/Obj/nrf_cli.o
 .text.nrf_cli_cmd_cli_stats_reset
                0x000000000002ad78       0x28 Output/flash_fds_s132_pca10040 Release/Obj/nrf_cli.o
                0x000000000002ad78                nrf_cli_cmd_cli_stats_reset
 .text.nrf_cli_cmd_cli_stats_show
                0x000000000002ada0       0x4c Output/flash_fds_s132_pca10040 Release/Obj/nrf_cli.o
                0x000000000002ada0                nrf_cli_cmd_cli_stats_show
 .text.cli_uart_read
                0x000000000002adec        0xa Output/flash_fds_s132_pca10040 Release/Obj/nrf_cli_uart.o
 *fill*         0x000000000002adf6        0x2 
 .text.nrf_drv_uart_tx
                0x000000000002adf8       0x24 Output/flash_fds_s132_pca10040 Release/Obj/nrf_cli_uart.o
 .text.timer_handler
                0x000000000002ae1c       0x1c Output/flash_fds_s132_pca10040 Release/Obj/nrf_cli_uart.o
 .text.nrf_drv_uart_uninit
                0x000000000002ae38       0x18 Output/flash_fds_s132_pca10040 Release/Obj/nrf_cli_uart.o
 .text.cli_uart_uninit
                0x000000000002ae50       0x16 Output/flash_fds_s132_pca10040 Release/Obj/nrf_cli_uart.o
 *fill*         0x000000000002ae66        0x2 
 .text.cli_uart_write
                0x000000000002ae68       0x68 Output/flash_fds_s132_pca10040 Release/Obj/nrf_cli_uart.o
 .text.rx_try   0x000000000002aed0       0x50 Output/flash_fds_s132_pca10040 Release/Obj/nrf_cli_uart.o
 .text.uart_event_handler
                0x000000000002af20       0x72 Output/flash_fds_s132_pca10040 Release/Obj/nrf_cli_uart.o
 *fill*         0x000000000002af92        0x2 
 .text.cli_uart_enable
                0x000000000002af94       0x74 Output/flash_fds_s132_pca10040 Release/Obj/nrf_cli_uart.o
 .text.cli_uart_init
                0x000000000002b008       0x3c Output/flash_fds_s132_pca10040 Release/Obj/nrf_cli_uart.o
 .text.nrf_fprintf_buffer_flush
                0x000000000002b044       0x16 Output/flash_fds_s132_pca10040 Release/Obj/nrf_fprintf.o
                0x000000000002b044                nrf_fprintf_buffer_flush
 .text.nrf_fprintf
                0x000000000002b05a       0x1c Output/flash_fds_s132_pca10040 Release/Obj/nrf_fprintf.o
                0x000000000002b05a                nrf_fprintf
 .text.buffer_add
                0x000000000002b076       0x2e Output/flash_fds_s132_pca10040 Release/Obj/nrf_fprintf_format.o
 .text.unsigned_print
                0x000000000002b0a4       0xb0 Output/flash_fds_s132_pca10040 Release/Obj/nrf_fprintf_format.o
 .text.nrf_fprintf_fmt
                0x000000000002b154      0x276 Output/flash_fds_s132_pca10040 Release/Obj/nrf_fprintf_format.o
                0x000000000002b154                nrf_fprintf_fmt
 *fill*         0x000000000002b3ca        0x2 
 .text.nrf_fstorage_init
                0x000000000002b3cc       0x78 Output/flash_fds_s132_pca10040 Release/Obj/nrf_fstorage.o
                0x000000000002b3cc                nrf_fstorage_init
 .text.nrf_fstorage_write
                0x000000000002b444      0x180 Output/flash_fds_s132_pca10040 Release/Obj/nrf_fstorage.o
                0x000000000002b444                nrf_fstorage_write
 .text.nrf_fstorage_erase
                0x000000000002b5c4      0x10c Output/flash_fds_s132_pca10040 Release/Obj/nrf_fstorage.o
                0x000000000002b5c4                nrf_fstorage_erase
 .text.sd_flash_write
                0x000000000002b6d0        0x4 Output/flash_fds_s132_pca10040 Release/Obj/nrf_fstorage_sd.o
 .text.sd_flash_page_erase
                0x000000000002b6d4        0x4 Output/flash_fds_s132_pca10040 Release/Obj/nrf_fstorage_sd.o
 .text.event_send
                0x000000000002b6d8       0x50 Output/flash_fds_s132_pca10040 Release/Obj/nrf_fstorage_sd.o
 .text.rmap     0x000000000002b728        0x4 Output/flash_fds_s132_pca10040 Release/Obj/nrf_fstorage_sd.o
 .text.wmap     0x000000000002b72c        0x4 Output/flash_fds_s132_pca10040 Release/Obj/nrf_fstorage_sd.o
 .text.is_busy  0x000000000002b730       0x10 Output/flash_fds_s132_pca10040 Release/Obj/nrf_fstorage_sd.o
 .text.nrf_fstorage_sdh_req_handler
                0x000000000002b740       0x14 Output/flash_fds_s132_pca10040 Release/Obj/nrf_fstorage_sd.o
                0x000000000002b740                nrf_fstorage_sdh_req_handler
 .text.read     0x000000000002b754        0xe Output/flash_fds_s132_pca10040 Release/Obj/nrf_fstorage_sd.o
 *fill*         0x000000000002b762        0x2 
 .text.uninit   0x000000000002b764       0x20 Output/flash_fds_s132_pca10040 Release/Obj/nrf_fstorage_sd.o
 .text.init     0x000000000002b784       0x38 Output/flash_fds_s132_pca10040 Release/Obj/nrf_fstorage_sd.o
 .text.queue_process
                0x000000000002b7bc       0xa4 Output/flash_fds_s132_pca10040 Release/Obj/nrf_fstorage_sd.o
 .text.nrf_fstorage_sys_evt_handler
                0x000000000002b860       0xa8 Output/flash_fds_s132_pca10040 Release/Obj/nrf_fstorage_sd.o
                0x000000000002b860                nrf_fstorage_sys_evt_handler
 .text.nrf_fstorage_sdh_state_handler
                0x000000000002b908       0x20 Output/flash_fds_s132_pca10040 Release/Obj/nrf_fstorage_sd.o
                0x000000000002b908                nrf_fstorage_sdh_state_handler
 .text.queue_start
                0x000000000002b928       0x20 Output/flash_fds_s132_pca10040 Release/Obj/nrf_fstorage_sd.o
 .text.erase    0x000000000002b948       0x4c Output/flash_fds_s132_pca10040 Release/Obj/nrf_fstorage_sd.o
 .text.write    0x000000000002b994       0x50 Output/flash_fds_s132_pca10040 Release/Obj/nrf_fstorage_sd.o
 .text.memobj_op
                0x000000000002b9e4       0x82 Output/flash_fds_s132_pca10040 Release/Obj/nrf_memobj.o
 .text.nrf_memobj_pool_init
                0x000000000002ba66        0x4 Output/flash_fds_s132_pca10040 Release/Obj/nrf_memobj.o
                0x000000000002ba66                nrf_memobj_pool_init
 .text.nrf_memobj_free
                0x000000000002ba6a       0x2c Output/flash_fds_s132_pca10040 Release/Obj/nrf_memobj.o
                0x000000000002ba6a                nrf_memobj_free
 .text.nrf_memobj_alloc
                0x000000000002ba96       0x5e Output/flash_fds_s132_pca10040 Release/Obj/nrf_memobj.o
                0x000000000002ba96                nrf_memobj_alloc
 .text.nrf_memobj_get
                0x000000000002baf4        0x8 Output/flash_fds_s132_pca10040 Release/Obj/nrf_memobj.o
                0x000000000002baf4                nrf_memobj_get
 .text.nrf_memobj_put
                0x000000000002bafc       0x1e Output/flash_fds_s132_pca10040 Release/Obj/nrf_memobj.o
                0x000000000002bafc                nrf_memobj_put
 .text.nrf_memobj_write
                0x000000000002bb1a       0x14 Output/flash_fds_s132_pca10040 Release/Obj/nrf_memobj.o
                0x000000000002bb1a                nrf_memobj_write
 .text.nrf_memobj_read
                0x000000000002bb2e       0x14 Output/flash_fds_s132_pca10040 Release/Obj/nrf_memobj.o
                0x000000000002bb2e                nrf_memobj_read
 .text.nrf_pwr_mgmt_feed
                0x000000000002bb42        0x2 Output/flash_fds_s132_pca10040 Release/Obj/nrf_pwr_mgmt.o
                0x000000000002bb42                nrf_pwr_mgmt_feed
 .text.queue_utilization_get
                0x000000000002bb44       0x18 Output/flash_fds_s132_pca10040 Release/Obj/nrf_queue.o
 .text.nrf_queue_is_full
                0x000000000002bb5c       0x18 Output/flash_fds_s132_pca10040 Release/Obj/nrf_queue.o
                0x000000000002bb5c                nrf_queue_is_full
 .text.nrf_queue_push
                0x000000000002bb74       0xac Output/flash_fds_s132_pca10040 Release/Obj/nrf_queue.o
                0x000000000002bb74                nrf_queue_push
 .text.nrf_queue_utilization_get
                0x000000000002bc20       0x28 Output/flash_fds_s132_pca10040 Release/Obj/nrf_queue.o
                0x000000000002bc20                nrf_queue_utilization_get
 .text.nrf_queue_status
                0x000000000002bc48       0xc8 Output/flash_fds_s132_pca10040 Release/Obj/nrf_queue.o
 .text.nrf_queue_is_empty
                0x000000000002bd10        0xe Output/flash_fds_s132_pca10040 Release/Obj/nrf_queue.o
                0x000000000002bd10                nrf_queue_is_empty
 .text.nrf_queue_generic_pop
                0x000000000002bd1e       0x8a Output/flash_fds_s132_pca10040 Release/Obj/nrf_queue.o
                0x000000000002bd1e                nrf_queue_generic_pop
 .text.nrf_queue_max_utilization_get
                0x000000000002bda8        0x6 Output/flash_fds_s132_pca10040 Release/Obj/nrf_queue.o
                0x000000000002bda8                nrf_queue_max_utilization_get
 .text.nrf_queue_max_utilization_reset
                0x000000000002bdae        0x8 Output/flash_fds_s132_pca10040 Release/Obj/nrf_queue.o
                0x000000000002bdae                nrf_queue_max_utilization_reset
 .text.nrf_ringbuf_init
                0x000000000002bdb6       0x12 Output/flash_fds_s132_pca10040 Release/Obj/nrf_ringbuf.o
                0x000000000002bdb6                nrf_ringbuf_init
 .text.nrf_ringbuf_alloc
                0x000000000002bdc8       0x74 Output/flash_fds_s132_pca10040 Release/Obj/nrf_ringbuf.o
                0x000000000002bdc8                nrf_ringbuf_alloc
 .text.nrf_ringbuf_put
                0x000000000002be3c       0x2e Output/flash_fds_s132_pca10040 Release/Obj/nrf_ringbuf.o
                0x000000000002be3c                nrf_ringbuf_put
 .text.nrf_ringbuf_cpy_put
                0x000000000002be6a       0x7c Output/flash_fds_s132_pca10040 Release/Obj/nrf_ringbuf.o
                0x000000000002be6a                nrf_ringbuf_cpy_put
 .text.nrf_ringbuf_get
                0x000000000002bee6       0x76 Output/flash_fds_s132_pca10040 Release/Obj/nrf_ringbuf.o
                0x000000000002bee6                nrf_ringbuf_get
 .text.nrf_ringbuf_cpy_get
                0x000000000002bf5c       0x7e Output/flash_fds_s132_pca10040 Release/Obj/nrf_ringbuf.o
                0x000000000002bf5c                nrf_ringbuf_cpy_get
 .text.nrf_ringbuf_free
                0x000000000002bfda       0x22 Output/flash_fds_s132_pca10040 Release/Obj/nrf_ringbuf.o
                0x000000000002bfda                nrf_ringbuf_free
 .text.nrf_section_iter_init
                0x000000000002bffc       0x14 Output/flash_fds_s132_pca10040 Release/Obj/nrf_section_iter.o
                0x000000000002bffc                nrf_section_iter_init
 .text.nrf_section_iter_next
                0x000000000002c010       0x18 Output/flash_fds_s132_pca10040 Release/Obj/nrf_section_iter.o
                0x000000000002c010                nrf_section_iter_next
 .text.nrf_sortlist_add
                0x000000000002c028       0x20 Output/flash_fds_s132_pca10040 Release/Obj/nrf_sortlist.o
                0x000000000002c028                nrf_sortlist_add
 .text.nrf_sortlist_pop
                0x000000000002c048        0xc Output/flash_fds_s132_pca10040 Release/Obj/nrf_sortlist.o
                0x000000000002c048                nrf_sortlist_pop
 .text.nrf_sortlist_peek
                0x000000000002c054        0x6 Output/flash_fds_s132_pca10040 Release/Obj/nrf_sortlist.o
                0x000000000002c054                nrf_sortlist_peek
 .text.nrf_sortlist_remove
                0x000000000002c05a       0x1a Output/flash_fds_s132_pca10040 Release/Obj/nrf_sortlist.o
                0x000000000002c05a                nrf_sortlist_remove
 .text.nrf_strerror_find
                0x000000000002c074       0x3c Output/flash_fds_s132_pca10040 Release/Obj/nrf_strerror.o
                0x000000000002c074                nrf_strerror_find
 .text.nrf_strerror_get
                0x000000000002c0b0       0x14 Output/flash_fds_s132_pca10040 Release/Obj/nrf_strerror.o
                0x000000000002c0b0                nrf_strerror_get
 .text.uarte_evt_handler
                0x000000000002c0c4       0x34 Output/flash_fds_s132_pca10040 Release/Obj/nrf_drv_uart.o
 .text.uart_evt_handler
                0x000000000002c0f8       0x34 Output/flash_fds_s132_pca10040 Release/Obj/nrf_drv_uart.o
 .text.nrf_drv_uart_init
                0x000000000002c12c       0x78 Output/flash_fds_s132_pca10040 Release/Obj/nrf_drv_uart.o
                0x000000000002c12c                nrf_drv_uart_init
 .text.UARTE0_UART0_IRQHandler
                0x000000000002c1a4        0xc Output/flash_fds_s132_pca10040 Release/Obj/nrfx_prs.o
                0x000000000002c1a4                UARTE0_UART0_IRQHandler
 .text.nrfx_prs_acquire
                0x000000000002c1b0       0x44 Output/flash_fds_s132_pca10040 Release/Obj/nrfx_prs.o
                0x000000000002c1b0                nrfx_prs_acquire
 .text.nrfx_prs_release
                0x000000000002c1f4       0x18 Output/flash_fds_s132_pca10040 Release/Obj/nrfx_prs.o
                0x000000000002c1f4                nrfx_prs_release
 .text.nrf_uart_event_clear
                0x000000000002c20c       0x10 Output/flash_fds_s132_pca10040 Release/Obj/nrfx_uart.o
 .text.tx_byte  0x000000000002c21c       0x1e Output/flash_fds_s132_pca10040 Release/Obj/nrfx_uart.o
 .text.rx_enable.isra.5
                0x000000000002c23a       0x20 Output/flash_fds_s132_pca10040 Release/Obj/nrfx_uart.o
 .text.rx_byte  0x000000000002c25a       0x2c Output/flash_fds_s132_pca10040 Release/Obj/nrfx_uart.o
 *fill*         0x000000000002c286        0x2 
 .text.rx_done_event.constprop.8
                0x000000000002c288       0x20 Output/flash_fds_s132_pca10040 Release/Obj/nrfx_uart.o
 .text.nrfx_uart_0_irq_handler
                0x000000000002c2a8      0x140 Output/flash_fds_s132_pca10040 Release/Obj/nrfx_uart.o
                0x000000000002c2a8                nrfx_uart_0_irq_handler
 .text.nrfx_uart_init
                0x000000000002c3e8      0x174 Output/flash_fds_s132_pca10040 Release/Obj/nrfx_uart.o
                0x000000000002c3e8                nrfx_uart_init
 .text.nrfx_uart_uninit
                0x000000000002c55c       0xc8 Output/flash_fds_s132_pca10040 Release/Obj/nrfx_uart.o
                0x000000000002c55c                nrfx_uart_uninit
 .text.nrfx_uart_tx
                0x000000000002c624       0x94 Output/flash_fds_s132_pca10040 Release/Obj/nrfx_uart.o
                0x000000000002c624                nrfx_uart_tx
 .text.nrfx_uart_tx_in_progress
                0x000000000002c6b8       0x18 Output/flash_fds_s132_pca10040 Release/Obj/nrfx_uart.o
                0x000000000002c6b8                nrfx_uart_tx_in_progress
 .text.nrfx_uart_rx
                0x000000000002c6d0       0xf0 Output/flash_fds_s132_pca10040 Release/Obj/nrfx_uart.o
                0x000000000002c6d0                nrfx_uart_rx
 .text.nrfx_uart_rx_abort
                0x000000000002c7c0       0x10 Output/flash_fds_s132_pca10040 Release/Obj/nrfx_uart.o
                0x000000000002c7c0                nrfx_uart_rx_abort
 .text.nrf_uarte_event_clear
                0x000000000002c7d0       0x10 Output/flash_fds_s132_pca10040 Release/Obj/nrfx_uarte.o
 .text.rx_done_event.constprop.7
                0x000000000002c7e0       0x20 Output/flash_fds_s132_pca10040 Release/Obj/nrfx_uarte.o
 .text.nrfx_uarte_0_irq_handler
                0x000000000002c800      0x120 Output/flash_fds_s132_pca10040 Release/Obj/nrfx_uarte.o
                0x000000000002c800                nrfx_uarte_0_irq_handler
 .text.nrfx_uarte_init
                0x000000000002c920      0x18c Output/flash_fds_s132_pca10040 Release/Obj/nrfx_uarte.o
                0x000000000002c920                nrfx_uarte_init
 .text.nrfx_uarte_uninit
                0x000000000002caac       0xec Output/flash_fds_s132_pca10040 Release/Obj/nrfx_uarte.o
                0x000000000002caac                nrfx_uarte_uninit
 .text.nrfx_uarte_tx
                0x000000000002cb98       0x90 Output/flash_fds_s132_pca10040 Release/Obj/nrfx_uarte.o
                0x000000000002cb98                nrfx_uarte_tx
 .text.nrfx_uarte_tx_in_progress
                0x000000000002cc28       0x18 Output/flash_fds_s132_pca10040 Release/Obj/nrfx_uarte.o
                0x000000000002cc28                nrfx_uarte_tx_in_progress
 .text.nrfx_uarte_rx
                0x000000000002cc40       0xd8 Output/flash_fds_s132_pca10040 Release/Obj/nrfx_uarte.o
                0x000000000002cc40                nrfx_uarte_rx
 .text.nrfx_uarte_rx_abort
                0x000000000002cd18       0x28 Output/flash_fds_s132_pca10040 Release/Obj/nrfx_uarte.o
                0x000000000002cd18                nrfx_uarte_rx_abort
 .text.cli_wrong_param_count_help
                0x000000000002cd40       0x18 Output/flash_fds_s132_pca10040 Release/Obj/cli.o
 .text.print_all_cmd
                0x000000000002cd58       0xb4 Output/flash_fds_s132_pca10040 Release/Obj/cli.o
 .text.print_cfg_cmd
                0x000000000002ce0c       0xc8 Output/flash_fds_s132_pca10040 Release/Obj/cli.o
 .text.gc_cmd   0x000000000002ced4       0x24 Output/flash_fds_s132_pca10040 Release/Obj/cli.o
 .text.delete_cmd
                0x000000000002cef8       0xac Output/flash_fds_s132_pca10040 Release/Obj/cli.o
 .text.stat_cmd
                0x000000000002cfa4       0x68 Output/flash_fds_s132_pca10040 Release/Obj/cli.o
 .text.update_cmd
                0x000000000002d00c      0x124 Output/flash_fds_s132_pca10040 Release/Obj/cli.o
 .text.write_cmd
                0x000000000002d130       0xcc Output/flash_fds_s132_pca10040 Release/Obj/cli.o
 .text.print_cmd
                0x000000000002d1fc       0x44 Output/flash_fds_s132_pca10040 Release/Obj/cli.o
 .text.delete_all_cmd
                0x000000000002d240       0x24 Output/flash_fds_s132_pca10040 Release/Obj/cli.o
 .text.cli_init
                0x000000000002d264       0x40 Output/flash_fds_s132_pca10040 Release/Obj/cli.o
                0x000000000002d264                cli_init
 .text.cli_start
                0x000000000002d2a4       0x18 Output/flash_fds_s132_pca10040 Release/Obj/cli.o
                0x000000000002d2a4                cli_start
 .text.cli_process
                0x000000000002d2bc        0xc Output/flash_fds_s132_pca10040 Release/Obj/cli.o
                0x000000000002d2bc                cli_process
 .text.record_delete_next
                0x000000000002d2c8       0x2e Output/flash_fds_s132_pca10040 Release/Obj/cli.o
                0x000000000002d2c8                record_delete_next
 .text.sd_app_evt_wait
                0x000000000002d2f6        0x4 Output/flash_fds_s132_pca10040 Release/Obj/main.o
 *fill*         0x000000000002d2fa        0x2 
 .text.fds_evt_handler
                0x000000000002d2fc      0x134 Output/flash_fds_s132_pca10040 Release/Obj/main.o
 .text.fds_err_str
                0x000000000002d430       0x10 Output/flash_fds_s132_pca10040 Release/Obj/main.o
                0x000000000002d430                fds_err_str
 .text.delete_all_begin
                0x000000000002d440        0xc Output/flash_fds_s132_pca10040 Release/Obj/main.o
                0x000000000002d440                delete_all_begin
 .text.delete_all_process
                0x000000000002d44c       0x6c Output/flash_fds_s132_pca10040 Release/Obj/main.o
                0x000000000002d44c                delete_all_process
 .text.startup.main
                0x000000000002d4b8      0x2bc Output/flash_fds_s132_pca10040 Release/Obj/main.o
                0x000000000002d4b8                main
 .text.errata_12
                0x000000000002d774       0x40 Output/flash_fds_s132_pca10040 Release/Obj/system_nrf52.o
 .text.errata_16
                0x000000000002d7b4       0x34 Output/flash_fds_s132_pca10040 Release/Obj/system_nrf52.o
 .text.SystemInit
                0x000000000002d7e8      0x25c Output/flash_fds_s132_pca10040 Release/Obj/system_nrf52.o
                0x000000000002d7e8                SystemInit
 .text.sd_softdevice_enable
                0x000000000002da44        0x4 Output/flash_fds_s132_pca10040 Release/Obj/nrf_sdh.o
 .text.sd_softdevice_disable
                0x000000000002da48        0x4 Output/flash_fds_s132_pca10040 Release/Obj/nrf_sdh.o
 .text.sdh_request_observer_notify
                0x000000000002da4c       0x30 Output/flash_fds_s132_pca10040 Release/Obj/nrf_sdh.o
 .text.sdh_state_observer_notify
                0x000000000002da7c       0x28 Output/flash_fds_s132_pca10040 Release/Obj/nrf_sdh.o
 .text.softdevice_evt_irq_disable
                0x000000000002daa4       0x24 Output/flash_fds_s132_pca10040 Release/Obj/nrf_sdh.o
 .text.softdevices_evt_irq_enable
                0x000000000002dac8       0x38 Output/flash_fds_s132_pca10040 Release/Obj/nrf_sdh.o
 .text.nrf_sdh_enable_request
                0x000000000002db00       0x7c Output/flash_fds_s132_pca10040 Release/Obj/nrf_sdh.o
                0x000000000002db00                nrf_sdh_enable_request
 .text.nrf_sdh_disable_request
                0x000000000002db7c       0x60 Output/flash_fds_s132_pca10040 Release/Obj/nrf_sdh.o
                0x000000000002db7c                nrf_sdh_disable_request
 .text.nrf_sdh_request_continue
                0x000000000002dbdc       0x20 Output/flash_fds_s132_pca10040 Release/Obj/nrf_sdh.o
                0x000000000002dbdc                nrf_sdh_request_continue
 .text.nrf_sdh_is_enabled
                0x000000000002dbfc        0xc Output/flash_fds_s132_pca10040 Release/Obj/nrf_sdh.o
                0x000000000002dbfc                nrf_sdh_is_enabled
 .text.nrf_sdh_evts_poll
                0x000000000002dc08       0x28 Output/flash_fds_s132_pca10040 Release/Obj/nrf_sdh.o
                0x000000000002dc08                nrf_sdh_evts_poll
 .text.SWI2_EGU2_IRQHandler
                0x000000000002dc30        0x4 Output/flash_fds_s132_pca10040 Release/Obj/nrf_sdh.o
                0x000000000002dc30                SWI2_EGU2_IRQHandler
 .text.sd_ble_enable
                0x000000000002dc34        0x4 Output/flash_fds_s132_pca10040 Release/Obj/nrf_sdh_ble.o
 .text.sd_ble_cfg_set
                0x000000000002dc38        0x4 Output/flash_fds_s132_pca10040 Release/Obj/nrf_sdh_ble.o
 .text.sd_ble_evt_get
                0x000000000002dc3c        0x4 Output/flash_fds_s132_pca10040 Release/Obj/nrf_sdh_ble.o
 .text.nrf_sdh_ble_evts_poll
                0x000000000002dc40       0x50 Output/flash_fds_s132_pca10040 Release/Obj/nrf_sdh_ble.o
 .text.nrf_sdh_ble_default_cfg_set
                0x000000000002dc90      0x184 Output/flash_fds_s132_pca10040 Release/Obj/nrf_sdh_ble.o
                0x000000000002dc90                nrf_sdh_ble_default_cfg_set
 .text.nrf_sdh_ble_enable
                0x000000000002de14       0xbc Output/flash_fds_s132_pca10040 Release/Obj/nrf_sdh_ble.o
                0x000000000002de14                nrf_sdh_ble_enable
 .text.sd_evt_get
                0x000000000002ded0        0x4 Output/flash_fds_s132_pca10040 Release/Obj/nrf_sdh_soc.o
 .text.nrf_sdh_soc_evts_poll
                0x000000000002ded4       0x3c Output/flash_fds_s132_pca10040 Release/Obj/nrf_sdh_soc.o
 .text.libc.__RAL_ascii_isctype
                0x000000000002df10       0x1c C:/Program Files/SEGGER/SEGGER Embedded Studio for ARM 4.30/lib/libc_v7em_fpv4_sp_d16_hard_t_le_eabi.a(libc2.o)
 .text.libc.__RAL_ascii_toupper
                0x000000000002df2c        0xc C:/Program Files/SEGGER/SEGGER Embedded Studio for ARM 4.30/lib/libc_v7em_fpv4_sp_d16_hard_t_le_eabi.a(libc2.o)
 .text.libc.__RAL_ascii_tolower
                0x000000000002df38        0xc C:/Program Files/SEGGER/SEGGER Embedded Studio for ARM 4.30/lib/libc_v7em_fpv4_sp_d16_hard_t_le_eabi.a(libc2.o)
 .text.libc.__RAL_ascii_iswctype
                0x000000000002df44       0x1c C:/Program Files/SEGGER/SEGGER Embedded Studio for ARM 4.30/lib/libc_v7em_fpv4_sp_d16_hard_t_le_eabi.a(libc2.o)
 .text.libc.__RAL_ascii_towupper
                0x000000000002df60        0xc C:/Program Files/SEGGER/SEGGER Embedded Studio for ARM 4.30/lib/libc_v7em_fpv4_sp_d16_hard_t_le_eabi.a(libc2.o)
 .text.libc.__RAL_ascii_towlower
                0x000000000002df6c        0xc C:/Program Files/SEGGER/SEGGER Embedded Studio for ARM 4.30/lib/libc_v7em_fpv4_sp_d16_hard_t_le_eabi.a(libc2.o)
 .text.libc.__RAL_ascii_wctomb
                0x000000000002df78        0xe C:/Program Files/SEGGER/SEGGER Embedded Studio for ARM 4.30/lib/libc_v7em_fpv4_sp_d16_hard_t_le_eabi.a(libc2.o)
                0x000000000002df78                __RAL_ascii_wctomb
 .text.libc.__RAL_ascii_mbtowc
                0x000000000002df86       0x24 C:/Program Files/SEGGER/SEGGER Embedded Studio for ARM 4.30/lib/libc_v7em_fpv4_sp_d16_hard_t_le_eabi.a(libc2.o)
                0x000000000002df86                __RAL_ascii_mbtowc
 *fill*         0x000000000002dfaa        0x2 
 .text.libc.__RAL_isctype
                0x000000000002dfac       0x14 C:/Program Files/SEGGER/SEGGER Embedded Studio for ARM 4.30/lib/libc_v7em_fpv4_sp_d16_hard_t_le_eabi.a(libc2.o)
                0x000000000002dfac                __RAL_isctype
 .text.libc.isupper
                0x000000000002dfc0        0xa C:/Program Files/SEGGER/SEGGER Embedded Studio for ARM 4.30/lib/libc_v7em_fpv4_sp_d16_hard_t_le_eabi.a(libc2.o)
                0x000000000002dfc0                isupper
 .text.libc.islower
                0x000000000002dfca        0xa C:/Program Files/SEGGER/SEGGER Embedded Studio for ARM 4.30/lib/libc_v7em_fpv4_sp_d16_hard_t_le_eabi.a(libc2.o)
                0x000000000002dfca                islower
 .text.libc.isdigit
                0x000000000002dfd4        0xa C:/Program Files/SEGGER/SEGGER Embedded Studio for ARM 4.30/lib/libc_v7em_fpv4_sp_d16_hard_t_le_eabi.a(libc2.o)
                0x000000000002dfd4                isdigit
 .text.libc.__digit
                0x000000000002dfde       0x3c C:/Program Files/SEGGER/SEGGER Embedded Studio for ARM 4.30/lib/libc_v7em_fpv4_sp_d16_hard_t_le_eabi.a(libc2.o)
                0x000000000002dfde                __digit
 .text.libc.isspace
                0x000000000002e01a        0xa C:/Program Files/SEGGER/SEGGER Embedded Studio for ARM 4.30/lib/libc_v7em_fpv4_sp_d16_hard_t_le_eabi.a(libc2.o)
                0x000000000002e01a                isspace
 .text.libc.isprint
                0x000000000002e024        0xa C:/Program Files/SEGGER/SEGGER Embedded Studio for ARM 4.30/lib/libc_v7em_fpv4_sp_d16_hard_t_le_eabi.a(libc2.o)
                0x000000000002e024                isprint
 *fill*         0x000000000002e02e        0x2 
 .text.libc.__aeabi_errno_addr
                0x000000000002e030       0x14 C:/Program Files/SEGGER/SEGGER Embedded Studio for ARM 4.30/lib/libc_v7em_fpv4_sp_d16_hard_t_le_eabi.a(libc2.o)
                0x000000000002e030                __aeabi_errno_addr
 .text.libc.__strtoul
                0x000000000002e044       0xe0 C:/Program Files/SEGGER/SEGGER Embedded Studio for ARM 4.30/lib/libc_v7em_fpv4_sp_d16_hard_t_le_eabi.a(libc2.o)
                0x000000000002e044                __strtoul
 .text.libc.memmove
                0x000000000002e124       0x3a C:/Program Files/SEGGER/SEGGER Embedded Studio for ARM 4.30/lib/libc_v7em_fpv4_sp_d16_hard_t_le_eabi.a(libc2.o)
                0x000000000002e124                __aeabi_memmove8
                0x000000000002e124                __aeabi_memmove
                0x000000000002e124                __aeabi_memmove4
                0x000000000002e124                memmove
 .text.libc.qsort
                0x000000000002e15e      0x240 C:/Program Files/SEGGER/SEGGER Embedded Studio for ARM 4.30/lib/libc_v7em_fpv4_sp_d16_hard_t_le_eabi.a(libc2.o)
                0x000000000002e15e                qsort
 .text.libc.strncmp
                0x000000000002e39e       0x40 C:/Program Files/SEGGER/SEGGER Embedded Studio for ARM 4.30/lib/libc_v7em_fpv4_sp_d16_hard_t_le_eabi.a(libc2.o)
                0x000000000002e39e                strncmp
 .text.libc.strtol
                0x000000000002e3de       0xaa C:/Program Files/SEGGER/SEGGER Embedded Studio for ARM 4.30/lib/libc_v7em_fpv4_sp_d16_hard_t_le_eabi.a(libc2.o)
                0x000000000002e3de                strtol
 .text.libc.memcpy
                0x000000000002e488       0x52 C:/Program Files/SEGGER/SEGGER Embedded Studio for ARM 4.30/lib/libc_v7em_fpv4_sp_d16_hard_t_le_eabi.a(libc2_asm.o)
                0x000000000002e488                __aeabi_memcpy
                0x000000000002e488                memcpy
                0x000000000002e494                __aeabi_memcpy8
                0x000000000002e494                __aeabi_memcpy4
 .text.libc.memset
                0x000000000002e4da       0x66 C:/Program Files/SEGGER/SEGGER Embedded Studio for ARM 4.30/lib/libc_v7em_fpv4_sp_d16_hard_t_le_eabi.a(libc2_asm.o)
                0x000000000002e4da                memset
 .text.libc.strcpy
                0x000000000002e540       0x44 C:/Program Files/SEGGER/SEGGER Embedded Studio for ARM 4.30/lib/libc_v7em_fpv4_sp_d16_hard_t_le_eabi.a(libc2_asm.o)
                0x000000000002e540                strcpy
 .text.libc.strcmp
                0x000000000002e584       0x4e C:/Program Files/SEGGER/SEGGER Embedded Studio for ARM 4.30/lib/libc_v7em_fpv4_sp_d16_hard_t_le_eabi.a(libc2_asm.o)
                0x000000000002e584                strcmp
 .text.libc.strlen
                0x000000000002e5d2       0x60 C:/Program Files/SEGGER/SEGGER Embedded Studio for ARM 4.30/lib/libc_v7em_fpv4_sp_d16_hard_t_le_eabi.a(libc2_asm.o)
                0x000000000002e5d2                strlen
                0x000000000002e632                __text_end__ = (__text_start__ + SIZEOF (.text))
                0x0000000000008262                __text_size__ = SIZEOF (.text)
                0x000000000002e632                __text_load_end__ = __text_end__

.vfp11_veneer   0x0000000100000000        0x0
 .vfp11_veneer  0x0000000100000000        0x0 linker stubs

.v4_bx          0x0000000100000000        0x0
 .v4_bx         0x0000000100000000        0x0 linker stubs

.iplt           0x0000000100000000        0x0
 .iplt          0x0000000100000000        0x0 Output/flash_fds_s132_pca10040 Release/Obj/thumb_crt0.o
                0x0000000000000001                . = ASSERT (((__text_start__ == __text_end__) || ((__text_end__ - __FLASH_segment_start__) <= __FLASH_segment_size__)), error: .text is too large to fit in FLASH memory segment)
                0x000000000002e634                __sdh_ble_observers_load_start__ = ALIGN (__text_end__, 0x4)

.sdh_ble_observers
                0x000000000002e634        0x0
                0x000000000002e634                __sdh_ble_observers_start__ = .
                0x000000000002e634                __start_sdh_ble_observers = __sdh_ble_observers_start__
 *(SORT_BY_NAME(.sdh_ble_observers*))
                0x000000000002e634                __sdh_ble_observers_end__ = (__sdh_ble_observers_start__ + SIZEOF (.sdh_ble_observers))
                0x0000000000000000                __sdh_ble_observers_size__ = SIZEOF (.sdh_ble_observers)
                0x000000000002e634                __stop_sdh_ble_observers = __sdh_ble_observers_end__
                0x000000000002e634                __sdh_ble_observers_load_end__ = __sdh_ble_observers_end__
                0x0000000000000001                . = ASSERT (((__sdh_ble_observers_start__ == __sdh_ble_observers_end__) || ((__sdh_ble_observers_end__ - __FLASH_segment_start__) <= __FLASH_segment_size__)), error: .sdh_ble_observers is too large to fit in FLASH memory segment)
                0x000000000002e634                __cli_command_load_start__ = ALIGN (__sdh_ble_observers_end__, 0x4)

.cli_command    0x000000000002e634       0x70
                0x000000000002e634                __cli_command_start__ = .
                0x000000000002e634                __start_cli_command = __cli_command_start__
 *(.cli_command*)
 .cli_command   0x000000000002e634        0x8 Output/flash_fds_s132_pca10040 Release/Obj/nrf_log_frontend.o
                0x000000000002e634                nrf_cli_log_const
 .cli_command   0x000000000002e63c        0x8 Output/flash_fds_s132_pca10040 Release/Obj/nrf_balloc.o
                0x000000000002e63c                nrf_cli_balloc_const
 .cli_command   0x000000000002e644       0x20 Output/flash_fds_s132_pca10040 Release/Obj/nrf_cli.o
                0x000000000002e644                nrf_cli_resize_const
                0x000000000002e64c                nrf_cli_history_const
                0x000000000002e654                nrf_cli_cli_const
                0x000000000002e65c                nrf_cli_clear_const
 .cli_command   0x000000000002e664        0x8 Output/flash_fds_s132_pca10040 Release/Obj/nrf_queue.o
                0x000000000002e664                nrf_cli_queue_const
 .cli_command   0x000000000002e66c       0x38 Output/flash_fds_s132_pca10040 Release/Obj/cli.o
                0x000000000002e66c                nrf_cli_stat_const
                0x000000000002e674                nrf_cli_gc_const
                0x000000000002e67c                nrf_cli_delete_all_const
                0x000000000002e684                nrf_cli_delete_const
                0x000000000002e68c                nrf_cli_update_const
                0x000000000002e694                nrf_cli_write_const
                0x000000000002e69c                nrf_cli_print_const
                0x000000000002e6a4                __cli_command_end__ = (__cli_command_start__ + SIZEOF (.cli_command))
                0x0000000000000070                __cli_command_size__ = SIZEOF (.cli_command)
                0x000000000002e6a4                __stop_cli_command = __cli_command_end__
                0x000000000002e6a4                __cli_command_load_end__ = __cli_command_end__
                0x0000000000000001                . = ASSERT (((__cli_command_start__ == __cli_command_end__) || ((__cli_command_end__ - __FLASH_segment_start__) <= __FLASH_segment_size__)), error: .cli_command is too large to fit in FLASH memory segment)
                0x000000000002e6a4                __pwr_mgmt_data_load_start__ = ALIGN (__cli_command_end__, 0x4)

.pwr_mgmt_data  0x000000000002e6a4        0x0
                0x000000000002e6a4                __pwr_mgmt_data_start__ = .
                0x000000000002e6a4                __start_pwr_mgmt_data = __pwr_mgmt_data_start__
 *(SORT_BY_NAME(.pwr_mgmt_data*))
                0x000000000002e6a4                __pwr_mgmt_data_end__ = (__pwr_mgmt_data_start__ + SIZEOF (.pwr_mgmt_data))
                0x0000000000000000                __pwr_mgmt_data_size__ = SIZEOF (.pwr_mgmt_data)
                0x000000000002e6a4                __stop_pwr_mgmt_data = __pwr_mgmt_data_end__
                0x000000000002e6a4                __pwr_mgmt_data_load_end__ = __pwr_mgmt_data_end__
                0x0000000000000001                . = ASSERT (((__pwr_mgmt_data_start__ == __pwr_mgmt_data_end__) || ((__pwr_mgmt_data_end__ - __FLASH_segment_start__) <= __FLASH_segment_size__)), error: .pwr_mgmt_data is too large to fit in FLASH memory segment)
                0x000000000002e6a4                __nrf_queue_load_start__ = ALIGN (__pwr_mgmt_data_end__, 0x4)

.nrf_queue      0x000000000002e6a4       0x1c
                0x000000000002e6a4                __nrf_queue_start__ = .
                0x000000000002e6a4                __start_nrf_queue = __nrf_queue_start__
 *(.nrf_queue*)
 .nrf_queue     0x000000000002e6a4       0x1c Output/flash_fds_s132_pca10040 Release/Obj/cli.o
                0x000000000002e6a4                m_cli_uart_log_backend_queue
                0x000000000002e6c0                __nrf_queue_end__ = (__nrf_queue_start__ + SIZEOF (.nrf_queue))
                0x000000000000001c                __nrf_queue_size__ = SIZEOF (.nrf_queue)
                0x000000000002e6c0                __stop_nrf_queue = __nrf_queue_end__
                0x000000000002e6c0                __nrf_queue_load_end__ = __nrf_queue_end__
                0x0000000000000001                . = ASSERT (((__nrf_queue_start__ == __nrf_queue_end__) || ((__nrf_queue_end__ - __FLASH_segment_start__) <= __FLASH_segment_size__)), error: .nrf_queue is too large to fit in FLASH memory segment)
                0x000000000002e6c0                __sdh_state_observers_load_start__ = ALIGN (__nrf_queue_end__, 0x4)

.sdh_state_observers
                0x000000000002e6c0        0x8
                0x000000000002e6c0                __sdh_state_observers_start__ = .
                0x000000000002e6c0                __start_sdh_state_observers = __sdh_state_observers_start__
 *(SORT_BY_NAME(.sdh_state_observers*))
 .sdh_state_observers0
                0x000000000002e6c0        0x8 Output/flash_fds_s132_pca10040 Release/Obj/nrf_fstorage_sd.o
                0x000000000002e6c8                __sdh_state_observers_end__ = (__sdh_state_observers_start__ + SIZEOF (.sdh_state_observers))
                0x0000000000000008                __sdh_state_observers_size__ = SIZEOF (.sdh_state_observers)
                0x000000000002e6c8                __stop_sdh_state_observers = __sdh_state_observers_end__
                0x000000000002e6c8                __sdh_state_observers_load_end__ = __sdh_state_observers_end__
                0x0000000000000001                . = ASSERT (((__sdh_state_observers_start__ == __sdh_state_observers_end__) || ((__sdh_state_observers_end__ - __FLASH_segment_start__) <= __FLASH_segment_size__)), error: .sdh_state_observers is too large to fit in FLASH memory segment)
                0x000000000002e6c8                __sdh_stack_observers_load_start__ = ALIGN (__sdh_state_observers_end__, 0x4)

.sdh_stack_observers
                0x000000000002e6c8       0x10
                0x000000000002e6c8                __sdh_stack_observers_start__ = .
                0x000000000002e6c8                __start_sdh_stack_observers = __sdh_stack_observers_start__
 *(SORT_BY_NAME(.sdh_stack_observers*))
 .sdh_stack_observers0
                0x000000000002e6c8        0x8 Output/flash_fds_s132_pca10040 Release/Obj/nrf_sdh_ble.o
 .sdh_stack_observers0
                0x000000000002e6d0        0x8 Output/flash_fds_s132_pca10040 Release/Obj/nrf_sdh_soc.o
                0x000000000002e6d8                __sdh_stack_observers_end__ = (__sdh_stack_observers_start__ + SIZEOF (.sdh_stack_observers))
                0x0000000000000010                __sdh_stack_observers_size__ = SIZEOF (.sdh_stack_observers)
                0x000000000002e6d8                __stop_sdh_stack_observers = __sdh_stack_observers_end__
                0x000000000002e6d8                __sdh_stack_observers_load_end__ = __sdh_stack_observers_end__
                0x0000000000000001                . = ASSERT (((__sdh_stack_observers_start__ == __sdh_stack_observers_end__) || ((__sdh_stack_observers_end__ - __FLASH_segment_start__) <= __FLASH_segment_size__)), error: .sdh_stack_observers is too large to fit in FLASH memory segment)
                0x000000000002e6d8                __sdh_req_observers_load_start__ = ALIGN (__sdh_stack_observers_end__, 0x4)

.sdh_req_observers
                0x000000000002e6d8        0x8
                0x000000000002e6d8                __sdh_req_observers_start__ = .
                0x000000000002e6d8                __start_sdh_req_observers = __sdh_req_observers_start__
 *(SORT_BY_NAME(.sdh_req_observers*))
 .sdh_req_observers0
                0x000000000002e6d8        0x8 Output/flash_fds_s132_pca10040 Release/Obj/nrf_fstorage_sd.o
                0x000000000002e6d8                m_req_obs
                0x000000000002e6e0                __sdh_req_observers_end__ = (__sdh_req_observers_start__ + SIZEOF (.sdh_req_observers))
                0x0000000000000008                __sdh_req_observers_size__ = SIZEOF (.sdh_req_observers)
                0x000000000002e6e0                __stop_sdh_req_observers = __sdh_req_observers_end__
                0x000000000002e6e0                __sdh_req_observers_load_end__ = __sdh_req_observers_end__
                0x0000000000000001                . = ASSERT (((__sdh_req_observers_start__ == __sdh_req_observers_end__) || ((__sdh_req_observers_end__ - __FLASH_segment_start__) <= __FLASH_segment_size__)), error: .sdh_req_observers is too large to fit in FLASH memory segment)
                0x000000000002e6e0                __log_const_data_load_start__ = ALIGN (__sdh_req_observers_end__, 0x4)

.log_const_data
                0x000000000002e6e0       0x98
                0x000000000002e6e0                __log_const_data_start__ = .
                0x000000000002e6e0                __start_log_const_data = __log_const_data_start__
 *(SORT_BY_NAME(.log_const_data*))
 .log_const_data_PRS
                0x000000000002e6e0        0x8 Output/flash_fds_s132_pca10040 Release/Obj/nrfx_prs.o
                0x000000000002e6e0                m_nrf_log_PRS_logs_data_const
 .log_const_data_UART
                0x000000000002e6e8        0x8 Output/flash_fds_s132_pca10040 Release/Obj/nrfx_uart.o
                0x000000000002e6e8                m_nrf_log_UART_logs_data_const
 .log_const_data_UARTE
                0x000000000002e6f0        0x8 Output/flash_fds_s132_pca10040 Release/Obj/nrfx_uarte.o
                0x000000000002e6f0                m_nrf_log_UARTE_logs_data_const
 .log_const_data_app
                0x000000000002e6f8        0x8 Output/flash_fds_s132_pca10040 Release/Obj/nrf_log_frontend.o
                0x000000000002e6f8                m_nrf_log_app_logs_data_const
 .log_const_data_app_timer
                0x000000000002e700        0x8 Output/flash_fds_s132_pca10040 Release/Obj/app_timer2.o
                0x000000000002e700                m_nrf_log_app_timer_logs_data_const
 .log_const_data_app_timer_cli_uart_timer
                0x000000000002e708        0x8 Output/flash_fds_s132_pca10040 Release/Obj/cli.o
                0x000000000002e708                m_nrf_log_app_timer_cli_uart_timer_logs_data_const
 .log_const_data_atfifo_m_fifo
                0x000000000002e710        0x8 Output/flash_fds_s132_pca10040 Release/Obj/nrf_fstorage_sd.o
                0x000000000002e710                m_nrf_log_atfifo_m_fifo_logs_data_const
 .log_const_data_atfifo_m_queue
                0x000000000002e718        0x8 Output/flash_fds_s132_pca10040 Release/Obj/fds.o
                0x000000000002e718                m_nrf_log_atfifo_m_queue_logs_data_const
 .log_const_data_atfifo_m_req_fifo
                0x000000000002e720        0x8 Output/flash_fds_s132_pca10040 Release/Obj/app_timer2.o
                0x000000000002e720                m_nrf_log_atfifo_m_req_fifo_logs_data_const
 .log_const_data_balloc_log_mempool
                0x000000000002e728        0x8 Output/flash_fds_s132_pca10040 Release/Obj/nrf_log_frontend.o
                0x000000000002e728                m_nrf_log_balloc_log_mempool_logs_data_const
 .log_const_data_balloc_m_cli_uart_cmd_hist_memobj
                0x000000000002e730        0x8 Output/flash_fds_s132_pca10040 Release/Obj/cli.o
                0x000000000002e730                m_nrf_log_balloc_m_cli_uart_cmd_hist_memobj_logs_data_const
 .log_const_data_cli_uart
                0x000000000002e738        0x8 Output/flash_fds_s132_pca10040 Release/Obj/nrf_cli_uart.o
                0x000000000002e738                m_nrf_log_cli_uart_logs_data_const
 .log_const_data_nrf_fstorage
                0x000000000002e740        0x8 Output/flash_fds_s132_pca10040 Release/Obj/nrf_fstorage.o
                0x000000000002e740                m_nrf_log_nrf_fstorage_logs_data_const
 .log_const_data_nrf_sdh
                0x000000000002e748        0x8 Output/flash_fds_s132_pca10040 Release/Obj/nrf_sdh.o
                0x000000000002e748                m_nrf_log_nrf_sdh_logs_data_const
 .log_const_data_nrf_sdh_ble
                0x000000000002e750        0x8 Output/flash_fds_s132_pca10040 Release/Obj/nrf_sdh_ble.o
                0x000000000002e750                m_nrf_log_nrf_sdh_ble_logs_data_const
 .log_const_data_nrf_sdh_soc
                0x000000000002e758        0x8 Output/flash_fds_s132_pca10040 Release/Obj/nrf_sdh_soc.o
                0x000000000002e758                m_nrf_log_nrf_sdh_soc_logs_data_const
 .log_const_data_pwr_mgmt
                0x000000000002e760        0x8 Output/flash_fds_s132_pca10040 Release/Obj/nrf_pwr_mgmt.o
                0x000000000002e760                m_nrf_log_pwr_mgmt_logs_data_const
 .log_const_data_queue_m_cli_uart_log_backend_queue
                0x000000000002e768        0x8 Output/flash_fds_s132_pca10040 Release/Obj/cli.o
                0x000000000002e768                m_nrf_log_queue_m_cli_uart_log_backend_queue_logs_data_const
 .log_const_data_sortlist
                0x000000000002e770        0x8 Output/flash_fds_s132_pca10040 Release/Obj/nrf_sortlist.o
                0x000000000002e770                m_nrf_log_sortlist_logs_data_const
                0x000000000002e778                __log_const_data_end__ = (__log_const_data_start__ + SIZEOF (.log_const_data))
                0x0000000000000098                __log_const_data_size__ = SIZEOF (.log_const_data)
                0x000000000002e778                __stop_log_const_data = __log_const_data_end__
                0x000000000002e778                __log_const_data_load_end__ = __log_const_data_end__
                0x0000000000000001                . = ASSERT (((__log_const_data_start__ == __log_const_data_end__) || ((__log_const_data_end__ - __FLASH_segment_start__) <= __FLASH_segment_size__)), error: .log_const_data is too large to fit in FLASH memory segment)
                0x000000000002e778                __sdh_soc_observers_load_start__ = ALIGN (__log_const_data_end__, 0x4)

.sdh_soc_observers
                0x000000000002e778        0x8
                0x000000000002e778                __sdh_soc_observers_start__ = .
                0x000000000002e778                __start_sdh_soc_observers = __sdh_soc_observers_start__
 *(SORT_BY_NAME(.sdh_soc_observers*))
 .sdh_soc_observers0
                0x000000000002e778        0x8 Output/flash_fds_s132_pca10040 Release/Obj/nrf_fstorage_sd.o
                0x000000000002e780                __sdh_soc_observers_end__ = (__sdh_soc_observers_start__ + SIZEOF (.sdh_soc_observers))
                0x0000000000000008                __sdh_soc_observers_size__ = SIZEOF (.sdh_soc_observers)
                0x000000000002e780                __stop_sdh_soc_observers = __sdh_soc_observers_end__
                0x000000000002e780                __sdh_soc_observers_load_end__ = __sdh_soc_observers_end__
                0x0000000000000001                . = ASSERT (((__sdh_soc_observers_start__ == __sdh_soc_observers_end__) || ((__sdh_soc_observers_end__ - __FLASH_segment_start__) <= __FLASH_segment_size__)), error: .sdh_soc_observers is too large to fit in FLASH memory segment)
                0x000000000002e780                __log_backends_load_start__ = ALIGN (__sdh_soc_observers_end__, 0x4)

.log_backends   0x000000000002e780       0x20
                0x000000000002e780                __log_backends_start__ = .
                0x000000000002e780                __start_log_backends = __log_backends_start__
 *(SORT_BY_NAME(.log_backends*))
 .log_backends  0x000000000002e780       0x10 Output/flash_fds_s132_pca10040 Release/Obj/nrf_log_default_backends.o
 .log_backends  0x000000000002e790       0x10 Output/flash_fds_s132_pca10040 Release/Obj/cli.o
                0x000000000002e7a0                __log_backends_end__ = (__log_backends_start__ + SIZEOF (.log_backends))
                0x0000000000000020                __log_backends_size__ = SIZEOF (.log_backends)
                0x000000000002e7a0                __stop_log_backends = __log_backends_end__
                0x000000000002e7a0                __log_backends_load_end__ = __log_backends_end__
                0x0000000000000001                . = ASSERT (((__log_backends_start__ == __log_backends_end__) || ((__log_backends_end__ - __FLASH_segment_start__) <= __FLASH_segment_size__)), error: .log_backends is too large to fit in FLASH memory segment)
                0x000000000002e7a0                __nrf_balloc_load_start__ = ALIGN (__log_backends_end__, 0x4)

.nrf_balloc     0x000000000002e7a0       0x38
                0x000000000002e7a0                __nrf_balloc_start__ = .
                0x000000000002e7a0                __start_nrf_balloc = __nrf_balloc_start__
 *(.nrf_balloc*)
 .nrf_balloc    0x000000000002e7a0       0x1c Output/flash_fds_s132_pca10040 Release/Obj/nrf_log_frontend.o
                0x000000000002e7a0                log_mempool
 .nrf_balloc    0x000000000002e7bc       0x1c Output/flash_fds_s132_pca10040 Release/Obj/cli.o
                0x000000000002e7bc                m_cli_uart_cmd_hist_memobj
                0x000000000002e7d8                __nrf_balloc_end__ = (__nrf_balloc_start__ + SIZEOF (.nrf_balloc))
                0x0000000000000038                __nrf_balloc_size__ = SIZEOF (.nrf_balloc)
                0x000000000002e7d8                __stop_nrf_balloc = __nrf_balloc_end__
                0x000000000002e7d8                __nrf_balloc_load_end__ = __nrf_balloc_end__
                0x0000000000000001                . = ASSERT (((__nrf_balloc_start__ == __nrf_balloc_end__) || ((__nrf_balloc_end__ - __FLASH_segment_start__) <= __FLASH_segment_size__)), error: .nrf_balloc is too large to fit in FLASH memory segment)
                0x000000000002e7d8                __nrf_sections_load_start__ = ALIGN (__nrf_balloc_end__, 0x4)

.nrf_sections   0x000000000002e7d8        0x0
                0x000000000002e7d8                __nrf_sections_start__ = .
                0x000000000002e7d8                __start_nrf_sections = __nrf_sections_start__
 *(.nrf_sections .nrf_sections.*)
                0x000000000002e7d8                __nrf_sections_end__ = (__nrf_sections_start__ + SIZEOF (.nrf_sections))
                0x0000000000000000                __nrf_sections_size__ = SIZEOF (.nrf_sections)
                0x000000000002e7d8                __nrf_sections_load_end__ = __nrf_sections_end__
                0x0000000000000001                . = ASSERT (((__nrf_sections_start__ == __nrf_sections_end__) || ((__nrf_sections_end__ - __FLASH_segment_start__) <= __FLASH_segment_size__)), error: .nrf_sections is too large to fit in FLASH memory segment)
                0x000000000002e7d8                __cli_sorted_cmd_ptrs_load_start__ = ALIGN (__nrf_sections_end__, 0x4)

.cli_sorted_cmd_ptrs
                0x0000000020002250       0x38 load address 0x000000000002e7d8
                0x0000000020002250                __cli_sorted_cmd_ptrs_start__ = .
 *(.cli_sorted_cmd_ptrs*)
 .cli_sorted_cmd_ptrs
                0x0000000020002250        0x4 Output/flash_fds_s132_pca10040 Release/Obj/nrf_log_frontend.o
                0x0000000020002250                log_str_ptr
 .cli_sorted_cmd_ptrs
                0x0000000020002254        0x4 Output/flash_fds_s132_pca10040 Release/Obj/nrf_balloc.o
                0x0000000020002254                balloc_str_ptr
 .cli_sorted_cmd_ptrs
                0x0000000020002258       0x10 Output/flash_fds_s132_pca10040 Release/Obj/nrf_cli.o
                0x0000000020002258                resize_str_ptr
                0x000000002000225c                history_str_ptr
                0x0000000020002260                cli_str_ptr
                0x0000000020002264                clear_str_ptr
 .cli_sorted_cmd_ptrs
                0x0000000020002268        0x4 Output/flash_fds_s132_pca10040 Release/Obj/nrf_queue.o
                0x0000000020002268                queue_str_ptr
 .cli_sorted_cmd_ptrs
                0x000000002000226c       0x1c Output/flash_fds_s132_pca10040 Release/Obj/cli.o
                0x000000002000226c                stat_str_ptr
                0x0000000020002270                gc_str_ptr
                0x0000000020002274                delete_all_str_ptr
                0x0000000020002278                delete_str_ptr
                0x000000002000227c                update_str_ptr
                0x0000000020002280                write_str_ptr
                0x0000000020002284                print_str_ptr
                0x0000000020002288                __cli_sorted_cmd_ptrs_end__ = (__cli_sorted_cmd_ptrs_start__ + SIZEOF (.cli_sorted_cmd_ptrs))
                0x0000000000000038                __cli_sorted_cmd_ptrs_size__ = SIZEOF (.cli_sorted_cmd_ptrs)
                0x000000000002e810                __cli_sorted_cmd_ptrs_load_end__ = (__cli_sorted_cmd_ptrs_load_start__ + SIZEOF (.cli_sorted_cmd_ptrs))
                0x0000000000000001                . = ASSERT (((__cli_sorted_cmd_ptrs_load_start__ == __cli_sorted_cmd_ptrs_load_end__) || ((__cli_sorted_cmd_ptrs_load_end__ - __FLASH_segment_start__) <= __FLASH_segment_size__)), error: .cli_sorted_cmd_ptrs is too large to fit in FLASH memory segment)

.cli_sorted_cmd_ptrs_run
                0x0000000020002250       0x38 load address 0x000000000002e7d8
                0x0000000020002250                __cli_sorted_cmd_ptrs_run_start__ = .
                0x0000000020002250                __start_cli_sorted_cmd_ptrs = __cli_sorted_cmd_ptrs_run_start__
                0x0000000020002288                . = MAX ((__cli_sorted_cmd_ptrs_run_start__ + SIZEOF (.cli_sorted_cmd_ptrs)), .)
 *fill*         0x0000000020002250       0x38 